[2019-03-21T19:07:43.084+0800][0.023s] Using Concurrent Mark Sweep
[2019-03-21T19:07:43.084+0800][0.023s] Heap address: 0x00000000e0000000, size: 512 MB, Compressed Oops mode: 32-bit
[2019-03-21T19:07:45.142+0800][2.082s] GC(0) Pause Initial Mark
[2019-03-21T19:07:45.166+0800][2.105s] GC(0) Pause Initial Mark 75M->75M(490M) 23.452ms
[2019-03-21T19:07:45.166+0800][2.105s] GC(0) User=0.02s Sys=0.00s Real=0.02s
[2019-03-21T19:07:45.166+0800][2.105s] GC(0) Concurrent Mark
[2019-03-21T19:07:45.166+0800][2.106s] GC(0) Using 4 workers of 4 for marking
[2019-03-21T19:07:45.167+0800][2.106s] GC(0) Concurrent Mark 0.674ms
[2019-03-21T19:07:45.167+0800][2.106s] GC(0) User=0.00s Sys=0.00s Real=0.00s
[2019-03-21T19:07:45.167+0800][2.106s] GC(0) Concurrent Preclean
[2019-03-21T19:07:45.168+0800][2.107s] GC(0) Concurrent Preclean 0.802ms
[2019-03-21T19:07:45.168+0800][2.107s] GC(0) User=0.00s Sys=0.00s Real=0.00s
[2019-03-21T19:07:45.168+0800][2.107s] GC(0) Concurrent Abortable Preclean
[2019-03-21T19:07:45.261+0800][2.200s] GC(1) Pause Young (Allocation Failure)
[2019-03-21T19:07:45.261+0800][2.201s] GC(1) Using 4 workers of 4 for evacuation
[2019-03-21T19:07:45.274+0800][2.213s] GC(1) ParNew: 87424K->9965K(109248K)
[2019-03-21T19:07:45.274+0800][2.213s] GC(1) CMS: 0K->0K(393216K)
[2019-03-21T19:07:45.274+0800][2.213s] GC(1) Metaspace: 22778K->22778K(1071104K)
[2019-03-21T19:07:45.274+0800][2.213s] GC(1) Pause Young (Allocation Failure) 85M->9M(490M) 12.923ms
[2019-03-21T19:07:45.274+0800][2.213s] GC(1) User=0.09s Sys=0.00s Real=0.01s
[2019-03-21T19:07:46.392+0800][3.332s] GC(0) Concurrent Abortable Preclean 1224.594ms
[2019-03-21T19:07:46.392+0800][3.332s] GC(0) User=3.25s Sys=0.09s Real=1.22s
[2019-03-21T19:07:46.392+0800][3.332s] GC(0) Pause Remark
[2019-03-21T19:07:46.392+0800][3.332s] GC(2) Pause Young (CMS Final Remark)
[2019-03-21T19:07:46.392+0800][3.332s] GC(2) Using 4 workers of 4 for evacuation
[2019-03-21T19:07:46.404+0800][3.344s] GC(2) ParNew: 57959K->14043K(109248K)
[2019-03-21T19:07:46.404+0800][3.344s] GC(2) CMS: 0K->0K(393216K)
[2019-03-21T19:07:46.404+0800][3.344s] GC(2) Metaspace: 27330K->27330K(1075200K)
[2019-03-21T19:07:46.404+0800][3.344s] GC(2) Pause Young (CMS Final Remark) 56M->13M(490M) 11.802ms
[2019-03-21T19:07:46.404+0800][3.344s] GC(2) User=0.00s Sys=0.00s Real=0.01s
[2019-03-21T19:07:46.418+0800][3.358s] GC(0) Pause Remark 56M->13M(490M) 25.778ms
[2019-03-21T19:07:46.418+0800][3.358s] GC(0) User=0.02s Sys=0.02s Real=0.03s
[2019-03-21T19:07:46.418+0800][3.358s] GC(0) Concurrent Sweep
[2019-03-21T19:07:46.418+0800][3.358s] GC(0) Concurrent Sweep 0.044ms
[2019-03-21T19:07:46.418+0800][3.358s] GC(0) User=0.00s Sys=0.00s Real=0.00s
[2019-03-21T19:07:46.418+0800][3.358s] GC(0) Concurrent Reset
[2019-03-21T19:07:46.424+0800][3.364s] GC(0) Concurrent Reset 5.748ms
[2019-03-21T19:07:46.424+0800][3.364s] GC(0) User=0.08s Sys=0.00s Real=0.01s
[2019-03-21T19:07:46.424+0800][3.364s] GC(0) Old: 0K->0K(393216K)
[2019-03-21T19:07:47.449+0800][4.389s] GC(3) Pause Young (Allocation Failure)
[2019-03-21T19:07:47.449+0800][4.389s] GC(3) Using 4 workers of 4 for evacuation
[2019-03-21T19:07:47.465+0800][4.405s] GC(3) ParNew: 101467K->20949K(109248K)
[2019-03-21T19:07:47.465+0800][4.405s] GC(3) CMS: 0K->0K(393216K)
[2019-03-21T19:07:47.465+0800][4.405s] GC(3) Metaspace: 34735K->34735K(1081344K)
[2019-03-21T19:07:47.465+0800][4.405s] GC(3) Pause Young (Allocation Failure) 99M->20M(490M) 15.369ms
[2019-03-21T19:07:47.465+0800][4.405s] GC(3) User=0.11s Sys=0.00s Real=0.02s
[2019-03-21T19:07:47.819+0800][4.758s] GC(4) Pause Young (Allocation Failure)
[2019-03-21T19:07:47.819+0800][4.758s] GC(4) Using 4 workers of 4 for evacuation
[2019-03-21T19:07:47.835+0800][4.774s] GC(4) ParNew: 108373K->21824K(109248K)
[2019-03-21T19:07:47.835+0800][4.774s] GC(4) CMS: 0K->208K(393216K)
[2019-03-21T19:07:47.835+0800][4.774s] GC(4) Metaspace: 37125K->37125K(1083392K)
[2019-03-21T19:07:47.835+0800][4.774s] GC(4) Pause Young (Allocation Failure) 105M->21M(490M) 15.934ms
[2019-03-21T19:07:47.835+0800][4.774s] GC(4) User=0.06s Sys=0.02s Real=0.02s
[2019-03-21T19:07:47.997+0800][4.936s] GC(5) Pause Young (Allocation Failure)
[2019-03-21T19:07:47.997+0800][4.937s] GC(5) Using 4 workers of 4 for evacuation
[2019-03-21T19:07:48.011+0800][4.950s] GC(5) ParNew: 109248K->21824K(109248K)
[2019-03-21T19:07:48.011+0800][4.950s] GC(5) CMS: 208K->1456K(393216K)
[2019-03-21T19:07:48.011+0800][4.950s] GC(5) Metaspace: 37793K->37793K(1083392K)
[2019-03-21T19:07:48.011+0800][4.950s] GC(5) Pause Young (Allocation Failure) 106M->22M(490M) 13.655ms
[2019-03-21T19:07:48.011+0800][4.950s] GC(5) User=0.06s Sys=0.00s Real=0.01s
[2019-03-21T19:07:48.833+0800][5.772s] GC(6) Pause Young (Allocation Failure)
[2019-03-21T19:07:48.833+0800][5.772s] GC(6) Using 4 workers of 4 for evacuation
[2019-03-21T19:07:48.850+0800][5.790s] GC(6) ParNew: 109248K->21824K(109248K)
[2019-03-21T19:07:48.850+0800][5.790s] GC(6) CMS: 1456K->3311K(393216K)
[2019-03-21T19:07:48.850+0800][5.790s] GC(6) Metaspace: 42341K->42341K(1087488K)
[2019-03-21T19:07:48.851+0800][5.790s] GC(6) Pause Young (Allocation Failure) 108M->24M(490M) 18.005ms
[2019-03-21T19:07:48.851+0800][5.790s] GC(6) User=0.08s Sys=0.02s Real=0.02s
[2019-03-21T19:07:52.850+0800][9.789s] GC(7) Pause Initial Mark
[2019-03-21T19:07:52.857+0800][9.796s] GC(7) Pause Initial Mark 78M->78M(490M) 7.438ms
[2019-03-21T19:07:52.857+0800][9.796s] GC(7) User=0.00s Sys=0.00s Real=0.01s
[2019-03-21T19:07:52.857+0800][9.796s] GC(7) Concurrent Mark
[2019-03-21T19:07:52.857+0800][9.796s] GC(7) Using 4 workers of 4 for marking
[2019-03-21T19:07:52.860+0800][9.799s] GC(7) Concurrent Mark 2.929ms
[2019-03-21T19:07:52.860+0800][9.799s] GC(7) User=0.00s Sys=0.00s Real=0.00s
[2019-03-21T19:07:52.860+0800][9.799s] GC(7) Concurrent Preclean
[2019-03-21T19:07:52.861+0800][9.800s] GC(7) Concurrent Preclean 0.992ms
[2019-03-21T19:07:52.861+0800][9.801s] GC(7) User=0.02s Sys=0.00s Real=0.00s
[2019-03-21T19:07:52.861+0800][9.801s] GC(7) Concurrent Abortable Preclean
[2019-03-21T19:07:59.019+0800][15.958s] GC(7) Concurrent Abortable Preclean 6157.858ms
[2019-03-21T19:07:59.019+0800][15.958s] GC(7) User=2.47s Sys=0.00s Real=6.16s
[2019-03-21T19:07:59.019+0800][15.959s] GC(7) Pause Remark
[2019-03-21T19:07:59.019+0800][15.959s] GC(8) Pause Young (CMS Final Remark)
[2019-03-21T19:07:59.019+0800][15.959s] GC(8) Using 4 workers of 4 for evacuation
[2019-03-21T19:07:59.044+0800][15.984s] GC(8) ParNew: 76718K->21824K(109248K)
[2019-03-21T19:07:59.044+0800][15.984s] GC(8) CMS: 3311K->8511K(393216K)
[2019-03-21T19:07:59.044+0800][15.984s] GC(8) Metaspace: 46893K->46893K(1091584K)
[2019-03-21T19:07:59.044+0800][15.984s] GC(8) Pause Young (CMS Final Remark) 78M->29M(490M) 25.374ms
[2019-03-21T19:07:59.044+0800][15.984s] GC(8) User=0.06s Sys=0.00s Real=0.02s
[2019-03-21T19:07:59.066+0800][16.006s] GC(7) Pause Remark 78M->29M(490M) 47.496ms
[2019-03-21T19:07:59.067+0800][16.006s] GC(7) User=0.14s Sys=0.00s Real=0.05s
[2019-03-21T19:07:59.067+0800][16.006s] GC(7) Concurrent Sweep
[2019-03-21T19:07:59.069+0800][16.009s] GC(7) Concurrent Sweep 2.546ms
[2019-03-21T19:07:59.069+0800][16.009s] GC(7) User=0.00s Sys=0.00s Real=0.00s
[2019-03-21T19:07:59.069+0800][16.009s] GC(7) Concurrent Reset
[2019-03-21T19:07:59.070+0800][16.009s] GC(7) Concurrent Reset 0.407ms
[2019-03-21T19:07:59.070+0800][16.009s] GC(7) User=0.00s Sys=0.00s Real=0.00s
[2019-03-21T19:07:59.070+0800][16.009s] GC(7) Old: 3311K->8486K(393216K)
