[2019-03-25T00:19:19.728+0800][0.016s] Using Concurrent Mark Sweep
[2019-03-25T00:19:19.729+0800][0.016s] Heap address: 0x00000000e0000000, size: 512 MB, Compressed Oops mode: 32-bit
[2019-03-25T00:19:21.357+0800][1.644s] GC(0) Pause Young (Allocation Failure)
[2019-03-25T00:19:21.357+0800][1.644s] GC(0) Using 4 workers of 4 for evacuation
[2019-03-25T00:19:21.367+0800][1.654s] GC(0) ParNew: 87424K->7519K(109248K)
[2019-03-25T00:19:21.368+0800][1.654s] GC(0) CMS: 0K->0K(393216K)
[2019-03-25T00:19:21.368+0800][1.654s] GC(0) Metaspace: 22851K->22851K(1071104K)
[2019-03-25T00:19:21.368+0800][1.654s] GC(0) Pause Young (Allocation Failure) 85M->7M(490M) 10.505ms
[2019-03-25T00:19:21.368+0800][1.654s] GC(0) User=0.08s Sys=0.00s Real=0.01s
[2019-03-25T00:19:21.368+0800][1.655s] GC(1) Pause Initial Mark
[2019-03-25T00:19:21.370+0800][1.656s] GC(1) Pause Initial Mark 8M->8M(490M) 1.622ms
[2019-03-25T00:19:21.370+0800][1.657s] GC(1) User=0.00s Sys=0.00s Real=0.00s
[2019-03-25T00:19:21.370+0800][1.657s] GC(1) Concurrent Mark
[2019-03-25T00:19:21.370+0800][1.657s] GC(1) Using 4 workers of 4 for marking
[2019-03-25T00:19:21.372+0800][1.658s] GC(1) Concurrent Mark 1.773ms
[2019-03-25T00:19:21.372+0800][1.658s] GC(1) User=0.00s Sys=0.00s Real=0.00s
[2019-03-25T00:19:21.372+0800][1.659s] GC(1) Concurrent Preclean
[2019-03-25T00:19:21.373+0800][1.660s] GC(1) Concurrent Preclean 1.377ms
[2019-03-25T00:19:21.373+0800][1.660s] GC(1) User=0.00s Sys=0.00s Real=0.00s
[2019-03-25T00:19:21.374+0800][1.660s] GC(1) Pause Remark
[2019-03-25T00:19:21.374+0800][1.660s] GC(2) Pause Young (CMS Final Remark)
[2019-03-25T00:19:21.374+0800][1.660s] GC(2) Using 4 workers of 4 for evacuation
[2019-03-25T00:19:21.381+0800][1.668s] GC(2) ParNew: 9005K->9735K(109248K)
[2019-03-25T00:19:21.381+0800][1.668s] GC(2) CMS: 0K->0K(393216K)
[2019-03-25T00:19:21.381+0800][1.668s] GC(2) Metaspace: 22853K->22853K(1071104K)
[2019-03-25T00:19:21.381+0800][1.668s] GC(2) Pause Young (CMS Final Remark) 8M->9M(490M) 7.775ms
[2019-03-25T00:19:21.381+0800][1.668s] GC(2) User=0.08s Sys=0.00s Real=0.01s
[2019-03-25T00:19:21.388+0800][1.675s] GC(1) Pause Remark 8M->9M(490M) 14.909ms
[2019-03-25T00:19:21.389+0800][1.675s] GC(1) User=0.08s Sys=0.00s Real=0.01s
[2019-03-25T00:19:21.389+0800][1.675s] GC(1) Concurrent Sweep
[2019-03-25T00:19:21.389+0800][1.676s] GC(1) Concurrent Sweep 0.190ms
[2019-03-25T00:19:21.389+0800][1.676s] GC(1) User=0.00s Sys=0.00s Real=0.00s
[2019-03-25T00:19:21.389+0800][1.676s] GC(1) Concurrent Reset
[2019-03-25T00:19:21.392+0800][1.679s] GC(1) Concurrent Reset 3.370ms
[2019-03-25T00:19:21.392+0800][1.679s] GC(1) User=0.00s Sys=0.00s Real=0.00s
[2019-03-25T00:19:21.392+0800][1.679s] GC(1) Old: 0K->0K(393216K)
[2019-03-25T00:19:22.476+0800][2.763s] GC(3) Pause Young (Allocation Failure)
[2019-03-25T00:19:22.476+0800][2.763s] GC(3) Using 4 workers of 4 for evacuation
[2019-03-25T00:19:22.487+0800][2.774s] GC(3) ParNew: 97159K->16505K(109248K)
[2019-03-25T00:19:22.487+0800][2.774s] GC(3) CMS: 0K->0K(393216K)
[2019-03-25T00:19:22.487+0800][2.774s] GC(3) Metaspace: 31011K->31011K(1077248K)
[2019-03-25T00:19:22.487+0800][2.774s] GC(3) Pause Young (Allocation Failure) 94M->16M(490M) 10.947ms
[2019-03-25T00:19:22.487+0800][2.774s] GC(3) User=0.02s Sys=0.00s Real=0.01s
[2019-03-25T00:19:22.995+0800][3.283s] GC(4) Pause Young (Allocation Failure)
[2019-03-25T00:19:22.996+0800][3.283s] GC(4) Using 4 workers of 4 for evacuation
[2019-03-25T00:19:23.008+0800][3.295s] GC(4) ParNew: 103929K->21824K(109248K)
[2019-03-25T00:19:23.008+0800][3.295s] GC(4) CMS: 0K->580K(393216K)
[2019-03-25T00:19:23.008+0800][3.295s] GC(4) Metaspace: 34686K->34686K(1081344K)
[2019-03-25T00:19:23.008+0800][3.295s] GC(4) Pause Young (Allocation Failure) 101M->21M(490M) 12.562ms
[2019-03-25T00:19:23.008+0800][3.295s] GC(4) User=0.09s Sys=0.02s Real=0.01s
[2019-03-25T00:19:23.179+0800][3.466s] GC(5) Pause Young (Allocation Failure)
[2019-03-25T00:19:23.179+0800][3.466s] GC(5) Using 4 workers of 4 for evacuation
[2019-03-25T00:19:23.190+0800][3.477s] GC(5) ParNew: 109248K->21824K(109248K)
[2019-03-25T00:19:23.190+0800][3.477s] GC(5) CMS: 580K->2538K(393216K)
[2019-03-25T00:19:23.190+0800][3.477s] GC(5) Metaspace: 36909K->36909K(1083392K)
[2019-03-25T00:19:23.190+0800][3.477s] GC(5) Pause Young (Allocation Failure) 107M->23M(490M) 11.629ms
[2019-03-25T00:19:23.190+0800][3.477s] GC(5) User=0.02s Sys=0.00s Real=0.01s
[2019-03-25T00:19:23.299+0800][3.587s] GC(6) Pause Young (Allocation Failure)
[2019-03-25T00:19:23.299+0800][3.587s] GC(6) Using 4 workers of 4 for evacuation
[2019-03-25T00:19:23.311+0800][3.599s] GC(6) ParNew: 109248K->21824K(109248K)
[2019-03-25T00:19:23.312+0800][3.599s] GC(6) CMS: 2538K->3901K(393216K)
[2019-03-25T00:19:23.312+0800][3.599s] GC(6) Metaspace: 38713K->38713K(1085440K)
[2019-03-25T00:19:23.312+0800][3.599s] GC(6) Pause Young (Allocation Failure) 109M->25M(490M) 12.242ms
[2019-03-25T00:19:23.312+0800][3.599s] GC(6) User=0.11s Sys=0.02s Real=0.01s
[2019-03-25T00:19:23.312+0800][3.599s] GC(7) Pause Initial Mark
[2019-03-25T00:19:23.314+0800][3.601s] GC(7) Pause Initial Mark 26M->26M(490M) 2.320ms
[2019-03-25T00:19:23.314+0800][3.601s] GC(7) User=0.00s Sys=0.00s Real=0.00s
[2019-03-25T00:19:23.314+0800][3.601s] GC(7) Concurrent Mark
[2019-03-25T00:19:23.314+0800][3.602s] GC(7) Using 4 workers of 4 for marking
[2019-03-25T00:19:23.318+0800][3.605s] GC(7) Concurrent Mark 3.439ms
[2019-03-25T00:19:23.318+0800][3.605s] GC(7) User=0.16s Sys=0.00s Real=0.00s
[2019-03-25T00:19:23.318+0800][3.605s] GC(7) Concurrent Preclean
[2019-03-25T00:19:23.319+0800][3.606s] GC(7) Concurrent Preclean 0.724ms
[2019-03-25T00:19:23.319+0800][3.606s] GC(7) User=0.00s Sys=0.00s Real=0.00s
[2019-03-25T00:19:23.319+0800][3.606s] GC(7) Concurrent Abortable Preclean
[2019-03-25T00:19:23.355+0800][3.642s] GC(7) Concurrent Abortable Preclean 36.229ms
[2019-03-25T00:19:23.355+0800][3.642s] GC(7) User=0.23s Sys=0.00s Real=0.04s
[2019-03-25T00:19:23.355+0800][3.642s] GC(7) Pause Remark
[2019-03-25T00:19:23.355+0800][3.642s] GC(8) Pause Young (CMS Final Remark)
[2019-03-25T00:19:23.355+0800][3.642s] GC(8) Using 4 workers of 4 for evacuation
[2019-03-25T00:19:23.366+0800][3.653s] GC(8) ParNew: 80228K->21824K(109248K)
[2019-03-25T00:19:23.366+0800][3.653s] GC(8) CMS: 3901K->4977K(393216K)
[2019-03-25T00:19:23.366+0800][3.653s] GC(8) Metaspace: 39035K->39035K(1085440K)
[2019-03-25T00:19:23.366+0800][3.653s] GC(8) Pause Young (CMS Final Remark) 82M->26M(490M) 11.178ms
[2019-03-25T00:19:23.366+0800][3.653s] GC(8) User=0.06s Sys=0.00s Real=0.01s
[2019-03-25T00:19:23.384+0800][3.672s] GC(7) Pause Remark 82M->26M(490M) 29.361ms
[2019-03-25T00:19:23.384+0800][3.672s] GC(7) User=0.08s Sys=0.00s Real=0.03s
[2019-03-25T00:19:23.384+0800][3.672s] GC(7) Concurrent Sweep
[2019-03-25T00:19:23.386+0800][3.674s] GC(7) Concurrent Sweep 1.952ms
[2019-03-25T00:19:23.386+0800][3.674s] GC(7) User=0.00s Sys=0.00s Real=0.00s
[2019-03-25T00:19:23.386+0800][3.674s] GC(7) Concurrent Reset
[2019-03-25T00:19:23.387+0800][3.675s] GC(7) Concurrent Reset 0.820ms
[2019-03-25T00:19:23.387+0800][3.675s] GC(7) User=0.00s Sys=0.00s Real=0.00s
[2019-03-25T00:19:23.387+0800][3.675s] GC(7) Old: 3901K->4972K(393216K)
[2019-03-25T00:19:23.446+0800][3.734s] GC(9) Pause Young (Allocation Failure)
[2019-03-25T00:19:23.446+0800][3.734s] GC(9) Using 4 workers of 4 for evacuation
[2019-03-25T00:19:23.455+0800][3.742s] GC(9) ParNew: 109248K->21824K(109248K)
[2019-03-25T00:19:23.455+0800][3.742s] GC(9) CMS: 4972K->6211K(393216K)
[2019-03-25T00:19:23.455+0800][3.742s] GC(9) Metaspace: 39222K->39222K(1085440K)
[2019-03-25T00:19:23.455+0800][3.742s] GC(9) Pause Young (Allocation Failure) 111M->27M(490M) 8.624ms
[2019-03-25T00:19:23.455+0800][3.742s] GC(9) User=0.00s Sys=0.00s Real=0.01s
[2019-03-25T00:19:23.746+0800][4.033s] GC(10) Pause Young (Allocation Failure)
[2019-03-25T00:19:23.746+0800][4.033s] GC(10) Using 4 workers of 4 for evacuation
[2019-03-25T00:19:23.756+0800][4.044s] GC(10) ParNew: 109248K->16603K(109248K)
[2019-03-25T00:19:23.756+0800][4.044s] GC(10) CMS: 6211K->11033K(393216K)
[2019-03-25T00:19:23.757+0800][4.044s] GC(10) Metaspace: 42039K->42039K(1087488K)
[2019-03-25T00:19:23.757+0800][4.044s] GC(10) Pause Young (Allocation Failure) 112M->26M(490M) 10.426ms
[2019-03-25T00:19:23.757+0800][4.044s] GC(10) User=0.06s Sys=0.00s Real=0.01s
[2019-03-25T00:19:24.029+0800][4.317s] GC(11) Pause Young (Allocation Failure)
[2019-03-25T00:19:24.029+0800][4.317s] GC(11) Using 4 workers of 4 for evacuation
[2019-03-25T00:19:24.038+0800][4.325s] GC(11) ParNew: 104027K->17872K(109248K)
[2019-03-25T00:19:24.038+0800][4.325s] GC(11) CMS: 11033K->11216K(393216K)
[2019-03-25T00:19:24.038+0800][4.325s] GC(11) Metaspace: 44508K->44508K(1089536K)
[2019-03-25T00:19:24.038+0800][4.325s] GC(11) Pause Young (Allocation Failure) 112M->28M(490M) 8.358ms
[2019-03-25T00:19:24.038+0800][4.325s] GC(11) User=0.11s Sys=0.00s Real=0.01s
[2019-03-25T00:55:23.722+0800][2164.009s] GC(12) Pause Young (Allocation Failure)
[2019-03-25T00:55:23.722+0800][2164.009s] GC(12) Using 4 workers of 4 for evacuation
[2019-03-25T00:55:23.752+0800][2164.040s] GC(12) ParNew: 105296K->21824K(109248K)
[2019-03-25T00:55:23.753+0800][2164.040s] GC(12) CMS: 11216K->22957K(393216K)
[2019-03-25T00:55:23.753+0800][2164.040s] GC(12) Metaspace: 48710K->48710K(1093632K)
[2019-03-25T00:55:23.753+0800][2164.040s] GC(12) Pause Young (Allocation Failure) 113M->43M(490M) 30.649ms
[2019-03-25T00:55:23.753+0800][2164.040s] GC(12) User=0.06s Sys=0.02s Real=0.03s
[2019-03-25T05:05:29.396+0800][17169.683s] GC(13) Pause Young (Allocation Failure)
[2019-03-25T05:05:29.396+0800][17169.683s] GC(13) Using 4 workers of 4 for evacuation
[2019-03-25T05:05:29.410+0800][17169.697s] GC(13) ParNew: 109248K->21824K(109248K)
[2019-03-25T05:05:29.410+0800][17169.697s] GC(13) CMS: 22957K->27771K(393216K)
[2019-03-25T05:05:29.410+0800][17169.697s] GC(13) Metaspace: 48944K->48944K(1093632K)
[2019-03-25T05:05:29.410+0800][17169.697s] GC(13) Pause Young (Allocation Failure) 129M->48M(490M) 14.011ms
[2019-03-25T05:05:29.410+0800][17169.697s] GC(13) User=0.03s Sys=0.03s Real=0.01s
