[2019-03-24T23:11:21.094+0800][0.015s] Using Concurrent Mark Sweep
[2019-03-24T23:11:21.095+0800][0.015s] Heap address: 0x00000000e0000000, size: 512 MB, Compressed Oops mode: 32-bit
[2019-03-24T23:11:22.377+0800][1.296s] GC(0) Pause Young (Allocation Failure)
[2019-03-24T23:11:22.377+0800][1.297s] GC(0) Using 4 workers of 4 for evacuation
[2019-03-24T23:11:22.386+0800][1.305s] GC(0) ParNew: 87424K->7970K(109248K)
[2019-03-24T23:11:22.386+0800][1.305s] GC(0) CMS: 0K->0K(393216K)
[2019-03-24T23:11:22.386+0800][1.305s] GC(0) Metaspace: 22831K->22831K(1071104K)
[2019-03-24T23:11:22.386+0800][1.305s] GC(0) Pause Young (Allocation Failure) 85M->7M(490M) 8.880ms
[2019-03-24T23:11:22.386+0800][1.305s] GC(0) User=0.09s Sys=0.02s Real=0.01s
[2019-03-24T23:11:22.386+0800][1.306s] GC(1) Pause Initial Mark
[2019-03-24T23:11:22.388+0800][1.307s] GC(1) Pause Initial Mark 8M->8M(490M) 1.448ms
[2019-03-24T23:11:22.388+0800][1.307s] GC(1) User=0.00s Sys=0.00s Real=0.00s
[2019-03-24T23:11:22.388+0800][1.307s] GC(1) Concurrent Mark
[2019-03-24T23:11:22.388+0800][1.307s] GC(1) Using 4 workers of 4 for marking
[2019-03-24T23:11:22.390+0800][1.309s] GC(1) Concurrent Mark 2.046ms
[2019-03-24T23:11:22.390+0800][1.309s] GC(1) User=0.00s Sys=0.00s Real=0.00s
[2019-03-24T23:11:22.390+0800][1.309s] GC(1) Concurrent Preclean
[2019-03-24T23:11:22.391+0800][1.310s] GC(1) Concurrent Preclean 0.793ms
[2019-03-24T23:11:22.391+0800][1.310s] GC(1) User=0.00s Sys=0.00s Real=0.00s
[2019-03-24T23:11:22.391+0800][1.310s] GC(1) Pause Remark
[2019-03-24T23:11:22.391+0800][1.310s] GC(2) Pause Young (CMS Final Remark)
[2019-03-24T23:11:22.391+0800][1.310s] GC(2) Using 4 workers of 4 for evacuation
[2019-03-24T23:11:22.397+0800][1.316s] GC(2) ParNew: 9922K->10333K(109248K)
[2019-03-24T23:11:22.397+0800][1.316s] GC(2) CMS: 0K->0K(393216K)
[2019-03-24T23:11:22.397+0800][1.316s] GC(2) Metaspace: 22833K->22833K(1071104K)
[2019-03-24T23:11:22.397+0800][1.316s] GC(2) Pause Young (CMS Final Remark) 9M->10M(490M) 5.914ms
[2019-03-24T23:11:22.397+0800][1.316s] GC(2) User=0.06s Sys=0.00s Real=0.01s
[2019-03-24T23:11:22.402+0800][1.322s] GC(1) Pause Remark 9M->10M(490M) 11.164ms
[2019-03-24T23:11:22.402+0800][1.322s] GC(1) User=0.06s Sys=0.00s Real=0.01s
[2019-03-24T23:11:22.402+0800][1.322s] GC(1) Concurrent Sweep
[2019-03-24T23:11:22.402+0800][1.322s] GC(1) Concurrent Sweep 0.328ms
[2019-03-24T23:11:22.402+0800][1.322s] GC(1) User=0.00s Sys=0.00s Real=0.00s
[2019-03-24T23:11:22.402+0800][1.322s] GC(1) Concurrent Reset
[2019-03-24T23:11:22.405+0800][1.325s] GC(1) Concurrent Reset 2.626ms
[2019-03-24T23:11:22.405+0800][1.325s] GC(1) User=0.00s Sys=0.00s Real=0.00s
[2019-03-24T23:11:22.405+0800][1.325s] GC(1) Old: 0K->0K(393216K)
[2019-03-24T23:11:23.234+0800][2.154s] GC(3) Pause Young (Allocation Failure)
[2019-03-24T23:11:23.234+0800][2.154s] GC(3) Using 4 workers of 4 for evacuation
[2019-03-24T23:11:23.242+0800][2.162s] GC(3) ParNew: 97757K->17653K(109248K)
[2019-03-24T23:11:23.242+0800][2.162s] GC(3) CMS: 0K->0K(393216K)
[2019-03-24T23:11:23.242+0800][2.162s] GC(3) Metaspace: 30748K->30748K(1077248K)
[2019-03-24T23:11:23.242+0800][2.162s] GC(3) Pause Young (Allocation Failure) 95M->17M(490M) 8.143ms
[2019-03-24T23:11:23.242+0800][2.162s] GC(3) User=0.05s Sys=0.02s Real=0.01s
[2019-03-24T23:11:23.720+0800][2.640s] GC(4) Pause Young (Allocation Failure)
[2019-03-24T23:11:23.720+0800][2.640s] GC(4) Using 4 workers of 4 for evacuation
[2019-03-24T23:11:23.730+0800][2.650s] GC(4) ParNew: 105077K->21824K(109248K)
[2019-03-24T23:11:23.730+0800][2.650s] GC(4) CMS: 0K->0K(393216K)
[2019-03-24T23:11:23.730+0800][2.650s] GC(4) Metaspace: 34641K->34641K(1081344K)
[2019-03-24T23:11:23.730+0800][2.650s] GC(4) Pause Young (Allocation Failure) 102M->21M(490M) 9.960ms
[2019-03-24T23:11:23.730+0800][2.650s] GC(4) User=0.09s Sys=0.02s Real=0.01s
[2019-03-24T23:11:23.894+0800][2.814s] GC(5) Pause Young (Allocation Failure)
[2019-03-24T23:11:23.894+0800][2.814s] GC(5) Using 4 workers of 4 for evacuation
[2019-03-24T23:11:23.906+0800][2.826s] GC(5) ParNew: 109248K->21824K(109248K)
[2019-03-24T23:11:23.906+0800][2.826s] GC(5) CMS: 0K->862K(393216K)
[2019-03-24T23:11:23.906+0800][2.826s] GC(5) Metaspace: 36658K->36658K(1083392K)
[2019-03-24T23:11:23.906+0800][2.826s] GC(5) Pause Young (Allocation Failure) 106M->22M(490M) 12.334ms
[2019-03-24T23:11:23.906+0800][2.827s] GC(5) User=0.00s Sys=0.00s Real=0.01s
[2019-03-24T23:11:24.001+0800][2.921s] GC(6) Pause Young (Allocation Failure)
[2019-03-24T23:11:24.001+0800][2.921s] GC(6) Using 4 workers of 4 for evacuation
[2019-03-24T23:11:24.014+0800][2.934s] GC(6) ParNew: 109248K->21824K(109248K)
[2019-03-24T23:11:24.014+0800][2.934s] GC(6) CMS: 862K->8308K(393216K)
[2019-03-24T23:11:24.014+0800][2.934s] GC(6) Metaspace: 37650K->37650K(1083392K)
[2019-03-24T23:11:24.014+0800][2.934s] GC(6) Pause Young (Allocation Failure) 107M->29M(490M) 13.411ms
[2019-03-24T23:11:24.014+0800][2.934s] GC(6) User=0.05s Sys=0.03s Real=0.01s
[2019-03-24T23:11:24.063+0800][2.983s] GC(7) Pause Young (Allocation Failure)
[2019-03-24T23:11:24.063+0800][2.983s] GC(7) Using 4 workers of 4 for evacuation
[2019-03-24T23:11:24.068+0800][2.988s] GC(7) ParNew: 109248K->17508K(109248K)
[2019-03-24T23:11:24.068+0800][2.988s] GC(7) CMS: 8308K->8308K(393216K)
[2019-03-24T23:11:24.068+0800][2.988s] GC(7) Metaspace: 37812K->37812K(1083392K)
[2019-03-24T23:11:24.068+0800][2.988s] GC(7) Pause Young (Allocation Failure) 114M->25M(490M) 5.237ms
[2019-03-24T23:11:24.068+0800][2.988s] GC(7) User=0.06s Sys=0.00s Real=0.01s
[2019-03-24T23:11:24.183+0800][3.103s] GC(8) Pause Young (Allocation Failure)
[2019-03-24T23:11:24.183+0800][3.104s] GC(8) Using 4 workers of 4 for evacuation
[2019-03-24T23:11:24.189+0800][3.109s] GC(8) ParNew: 104932K->17520K(109248K)
[2019-03-24T23:11:24.189+0800][3.109s] GC(8) CMS: 8308K->8308K(393216K)
[2019-03-24T23:11:24.189+0800][3.109s] GC(8) Metaspace: 38979K->38979K(1085440K)
[2019-03-24T23:11:24.189+0800][3.109s] GC(8) Pause Young (Allocation Failure) 110M->25M(490M) 5.704ms
[2019-03-24T23:11:24.189+0800][3.109s] GC(8) User=0.00s Sys=0.00s Real=0.01s
[2019-03-24T23:11:24.189+0800][3.109s] GC(9) Pause Initial Mark
[2019-03-24T23:11:24.191+0800][3.111s] GC(9) Pause Initial Mark 25M->25M(490M) 1.675ms
[2019-03-24T23:11:24.191+0800][3.111s] GC(9) User=0.08s Sys=0.00s Real=0.00s
[2019-03-24T23:11:24.191+0800][3.111s] GC(9) Concurrent Mark
[2019-03-24T23:11:24.191+0800][3.111s] GC(9) Using 4 workers of 4 for marking
[2019-03-24T23:11:24.194+0800][3.115s] GC(9) Concurrent Mark 3.502ms
[2019-03-24T23:11:24.195+0800][3.115s] GC(9) User=0.00s Sys=0.00s Real=0.00s
[2019-03-24T23:11:24.195+0800][3.115s] GC(9) Concurrent Preclean
[2019-03-24T23:11:24.195+0800][3.115s] GC(9) Concurrent Preclean 0.653ms
[2019-03-24T23:11:24.195+0800][3.115s] GC(9) User=0.00s Sys=0.00s Real=0.00s
[2019-03-24T23:11:24.195+0800][3.115s] GC(9) Pause Remark
[2019-03-24T23:11:24.195+0800][3.115s] GC(10) Pause Young (CMS Final Remark)
[2019-03-24T23:11:24.195+0800][3.115s] GC(10) Using 4 workers of 4 for evacuation
[2019-03-24T23:11:24.201+0800][3.121s] GC(10) ParNew: 18300K->17333K(109248K)
[2019-03-24T23:11:24.201+0800][3.121s] GC(10) CMS: 8308K->8308K(393216K)
[2019-03-24T23:11:24.201+0800][3.121s] GC(10) Metaspace: 39066K->39066K(1085440K)
[2019-03-24T23:11:24.201+0800][3.121s] GC(10) Pause Young (CMS Final Remark) 25M->25M(490M) 5.367ms
[2019-03-24T23:11:24.201+0800][3.121s] GC(10) User=0.00s Sys=0.00s Real=0.01s
[2019-03-24T23:11:24.210+0800][3.131s] GC(9) Pause Remark 25M->25M(490M) 15.119ms
[2019-03-24T23:11:24.210+0800][3.131s] GC(9) User=0.03s Sys=0.00s Real=0.02s
[2019-03-24T23:11:24.211+0800][3.131s] GC(9) Concurrent Sweep
[2019-03-24T23:11:24.213+0800][3.133s] GC(9) Concurrent Sweep 2.127ms
[2019-03-24T23:11:24.213+0800][3.133s] GC(9) User=0.00s Sys=0.00s Real=0.00s
[2019-03-24T23:11:24.213+0800][3.133s] GC(9) Concurrent Reset
[2019-03-24T23:11:24.213+0800][3.133s] GC(9) Concurrent Reset 0.497ms
[2019-03-24T23:11:24.213+0800][3.133s] GC(9) User=0.00s Sys=0.00s Real=0.00s
[2019-03-24T23:11:24.213+0800][3.133s] GC(9) Old: 8308K->8307K(393216K)
[2019-03-24T23:11:24.490+0800][3.410s] GC(11) Pause Young (Allocation Failure)
[2019-03-24T23:11:24.490+0800][3.410s] GC(11) Using 4 workers of 4 for evacuation
[2019-03-24T23:11:24.497+0800][3.417s] GC(11) ParNew: 104756K->20032K(109248K)
[2019-03-24T23:11:24.497+0800][3.417s] GC(11) CMS: 8307K->8776K(393216K)
[2019-03-24T23:11:24.497+0800][3.417s] GC(11) Metaspace: 42896K->42896K(1087488K)
[2019-03-24T23:11:24.497+0800][3.417s] GC(11) Pause Young (Allocation Failure) 110M->28M(490M) 6.522ms
[2019-03-24T23:11:24.497+0800][3.417s] GC(11) User=0.00s Sys=0.00s Real=0.01s
[2019-03-24T23:11:24.777+0800][3.698s] GC(12) Pause Young (Allocation Failure)
[2019-03-24T23:11:24.778+0800][3.698s] GC(12) Using 4 workers of 4 for evacuation
[2019-03-24T23:11:24.793+0800][3.713s] GC(12) ParNew: 107456K->21824K(109248K)
[2019-03-24T23:11:24.793+0800][3.713s] GC(12) CMS: 8776K->13723K(393216K)
[2019-03-24T23:11:24.793+0800][3.713s] GC(12) Metaspace: 45303K->45303K(1089536K)
[2019-03-24T23:11:24.793+0800][3.713s] GC(12) Pause Young (Allocation Failure) 113M->34M(490M) 15.542ms
[2019-03-24T23:11:24.793+0800][3.713s] GC(12) User=0.11s Sys=0.00s Real=0.02s
