[2019-03-20T21:48:14.492+0800][0.017s] Using Concurrent Mark Sweep
[2019-03-20T21:48:14.492+0800][0.017s] Heap address: 0x00000000e0000000, size: 512 MB, Compressed Oops mode: 32-bit
[2019-03-20T21:48:16.036+0800][1.561s] GC(0) Pause Young (Allocation Failure)
[2019-03-20T21:48:16.037+0800][1.561s] GC(0) Using 4 workers of 4 for evacuation
[2019-03-20T21:48:16.047+0800][1.572s] GC(0) ParNew: 87424K->9961K(109248K)
[2019-03-20T21:48:16.047+0800][1.572s] GC(0) CMS: 0K->0K(393216K)
[2019-03-20T21:48:16.047+0800][1.572s] GC(0) Metaspace: 22723K->22723K(1071104K)
[2019-03-20T21:48:16.047+0800][1.572s] GC(0) Pause Young (Allocation Failure) 85M->9M(490M) 10.969ms
[2019-03-20T21:48:16.048+0800][1.572s] GC(0) User=0.00s Sys=0.00s Real=0.01s
[2019-03-20T21:48:16.048+0800][1.573s] GC(1) Pause Initial Mark
[2019-03-20T21:48:16.051+0800][1.575s] GC(1) Pause Initial Mark 9M->9M(490M) 2.662ms
[2019-03-20T21:48:16.051+0800][1.575s] GC(1) User=0.02s Sys=0.00s Real=0.00s
[2019-03-20T21:48:16.051+0800][1.575s] GC(1) Concurrent Mark
[2019-03-20T21:48:16.051+0800][1.576s] GC(1) Using 4 workers of 4 for marking
[2019-03-20T21:48:16.053+0800][1.577s] GC(1) Concurrent Mark 1.791ms
[2019-03-20T21:48:16.053+0800][1.577s] GC(1) User=0.00s Sys=0.00s Real=0.00s
[2019-03-20T21:48:16.053+0800][1.577s] GC(1) Concurrent Preclean
[2019-03-20T21:48:16.054+0800][1.578s] GC(1) Concurrent Preclean 0.789ms
[2019-03-20T21:48:16.054+0800][1.578s] GC(1) User=0.00s Sys=0.00s Real=0.00s
[2019-03-20T21:48:16.054+0800][1.578s] GC(1) Pause Remark
[2019-03-20T21:48:16.054+0800][1.578s] GC(2) Pause Young (CMS Final Remark)
[2019-03-20T21:48:16.054+0800][1.578s] GC(2) Using 4 workers of 4 for evacuation
[2019-03-20T21:48:16.061+0800][1.585s] GC(2) ParNew: 11607K->12875K(109248K)
[2019-03-20T21:48:16.061+0800][1.585s] GC(2) CMS: 0K->0K(393216K)
[2019-03-20T21:48:16.061+0800][1.585s] GC(2) Metaspace: 22725K->22725K(1071104K)
[2019-03-20T21:48:16.061+0800][1.585s] GC(2) Pause Young (CMS Final Remark) 11M->12M(490M) 7.065ms
[2019-03-20T21:48:16.061+0800][1.585s] GC(2) User=0.00s Sys=0.00s Real=0.01s
[2019-03-20T21:48:16.068+0800][1.593s] GC(1) Pause Remark 11M->12M(490M) 14.653ms
[2019-03-20T21:48:16.068+0800][1.593s] GC(1) User=0.03s Sys=0.00s Real=0.01s
[2019-03-20T21:48:16.069+0800][1.593s] GC(1) Concurrent Sweep
[2019-03-20T21:48:16.069+0800][1.593s] GC(1) Concurrent Sweep 0.315ms
[2019-03-20T21:48:16.069+0800][1.593s] GC(1) User=0.00s Sys=0.00s Real=0.00s
[2019-03-20T21:48:16.069+0800][1.593s] GC(1) Concurrent Reset
[2019-03-20T21:48:16.073+0800][1.597s] GC(1) Concurrent Reset 3.895ms
[2019-03-20T21:48:16.076+0800][1.601s] GC(1) User=0.00s Sys=0.00s Real=0.01s
[2019-03-20T21:48:16.076+0800][1.601s] GC(1) Old: 0K->0K(393216K)
[2019-03-20T21:48:17.101+0800][2.626s] GC(3) Pause Young (Allocation Failure)
[2019-03-20T21:48:17.101+0800][2.626s] GC(3) Using 4 workers of 4 for evacuation
[2019-03-20T21:48:17.110+0800][2.635s] GC(3) ParNew: 100299K->16940K(109248K)
[2019-03-20T21:48:17.110+0800][2.635s] GC(3) CMS: 0K->0K(393216K)
[2019-03-20T21:48:17.110+0800][2.635s] GC(3) Metaspace: 32260K->32260K(1079296K)
[2019-03-20T21:48:17.110+0800][2.635s] GC(3) Pause Young (Allocation Failure) 97M->16M(490M) 8.933ms
[2019-03-20T21:48:17.110+0800][2.635s] GC(3) User=0.00s Sys=0.00s Real=0.01s
[2019-03-21T08:55:31.114+0800][40036.638s] GC(4) Pause Young (Allocation Failure)
[2019-03-21T08:55:31.115+0800][40036.639s] GC(4) Using 4 workers of 4 for evacuation
[2019-03-21T08:55:31.150+0800][40036.675s] GC(4) ParNew: 104364K->19362K(109248K)
[2019-03-21T08:55:31.150+0800][40036.675s] GC(4) CMS: 0K->0K(393216K)
[2019-03-21T08:55:31.150+0800][40036.675s] GC(4) Metaspace: 35651K->35651K(1081344K)
[2019-03-21T08:55:31.150+0800][40036.675s] GC(4) Pause Young (Allocation Failure) 101M->18M(490M) 36.347ms
[2019-03-21T08:55:31.150+0800][40036.675s] GC(4) User=0.06s Sys=0.06s Real=0.04s
[2019-03-21T17:24:46.155+0800][70591.680s] GC(5) Pause Young (Allocation Failure)
[2019-03-21T17:24:46.155+0800][70591.680s] GC(5) Using 4 workers of 4 for evacuation
[2019-03-21T17:24:46.184+0800][70591.709s] GC(5) ParNew: 106786K->21110K(109248K)
[2019-03-21T17:24:46.184+0800][70591.709s] GC(5) CMS: 0K->0K(393216K)
[2019-03-21T17:24:46.184+0800][70591.709s] GC(5) Metaspace: 37839K->37839K(1083392K)
[2019-03-21T17:24:46.184+0800][70591.709s] GC(5) Pause Young (Allocation Failure) 104M->20M(490M) 29.497ms
[2019-03-21T17:24:46.184+0800][70591.709s] GC(5) User=0.14s Sys=0.05s Real=0.03s
[2019-03-21T17:24:46.185+0800][70591.710s] GC(6) Pause Initial Mark
[2019-03-21T17:24:46.188+0800][70591.713s] GC(6) Pause Initial Mark 21M->21M(490M) 2.982ms
[2019-03-21T17:24:46.188+0800][70591.713s] GC(6) User=0.00s Sys=0.00s Real=0.00s
[2019-03-21T17:24:46.188+0800][70591.713s] GC(6) Concurrent Mark
[2019-03-21T17:24:46.188+0800][70591.713s] GC(6) Using 4 workers of 4 for marking
[2019-03-21T17:24:46.190+0800][70591.715s] GC(6) Concurrent Mark 1.565ms
[2019-03-21T17:24:46.190+0800][70591.715s] GC(6) User=0.08s Sys=0.00s Real=0.00s
[2019-03-21T17:24:46.190+0800][70591.715s] GC(6) Concurrent Preclean
[2019-03-21T17:24:46.191+0800][70591.717s] GC(6) Concurrent Preclean 1.531ms
[2019-03-21T17:24:46.192+0800][70591.717s] GC(6) User=0.00s Sys=0.00s Real=0.00s
[2019-03-21T17:24:46.192+0800][70591.717s] GC(6) Pause Remark
[2019-03-21T17:24:46.192+0800][70591.717s] GC(7) Pause Young (CMS Final Remark)
[2019-03-21T17:24:46.192+0800][70591.717s] GC(7) Using 4 workers of 4 for evacuation
[2019-03-21T17:24:46.204+0800][70591.729s] GC(7) ParNew: 21746K->21824K(109248K)
[2019-03-21T17:24:46.204+0800][70591.729s] GC(7) CMS: 0K->0K(393216K)
[2019-03-21T17:24:46.204+0800][70591.729s] GC(7) Metaspace: 37839K->37839K(1083392K)
[2019-03-21T17:24:46.204+0800][70591.729s] GC(7) Pause Young (CMS Final Remark) 21M->21M(490M) 12.511ms
[2019-03-21T17:24:46.204+0800][70591.729s] GC(7) User=0.00s Sys=0.00s Real=0.01s
[2019-03-21T17:24:46.225+0800][70591.750s] GC(6) Pause Remark 21M->21M(490M) 33.119ms
[2019-03-21T17:24:46.225+0800][70591.750s] GC(6) User=0.06s Sys=0.02s Real=0.03s
[2019-03-21T17:24:46.225+0800][70591.750s] GC(6) Concurrent Sweep
[2019-03-21T17:24:46.225+0800][70591.750s] GC(6) Concurrent Sweep 0.039ms
[2019-03-21T17:24:46.225+0800][70591.750s] GC(6) User=0.00s Sys=0.00s Real=0.00s
[2019-03-21T17:24:46.225+0800][70591.750s] GC(6) Concurrent Reset
[2019-03-21T17:24:46.227+0800][70591.753s] GC(6) Concurrent Reset 2.342ms
[2019-03-21T17:24:46.227+0800][70591.753s] GC(6) User=0.00s Sys=0.00s Real=0.00s
[2019-03-21T17:24:46.227+0800][70591.753s] GC(6) Old: 0K->0K(393216K)
[2019-03-21T17:24:46.792+0800][70592.318s] GC(8) Pause Young (Allocation Failure)
[2019-03-21T17:24:46.792+0800][70592.318s] GC(8) Using 4 workers of 4 for evacuation
[2019-03-21T17:24:46.805+0800][70592.330s] GC(8) ParNew: 109248K->21824K(109248K)
[2019-03-21T17:24:46.805+0800][70592.330s] GC(8) CMS: 0K->956K(393216K)
[2019-03-21T17:24:46.805+0800][70592.330s] GC(8) Metaspace: 39783K->39783K(1085440K)
[2019-03-21T17:24:46.805+0800][70592.330s] GC(8) Pause Young (Allocation Failure) 106M->22M(490M) 12.288ms
[2019-03-21T17:24:46.805+0800][70592.330s] GC(8) User=0.06s Sys=0.00s Real=0.01s
[2019-03-21T17:24:46.988+0800][70592.514s] GC(9) Pause Young (Allocation Failure)
[2019-03-21T17:24:46.988+0800][70592.514s] GC(9) Using 4 workers of 4 for evacuation
[2019-03-21T17:24:47.001+0800][70592.526s] GC(9) ParNew: 109248K->21824K(109248K)
[2019-03-21T17:24:47.001+0800][70592.526s] GC(9) CMS: 956K->1553K(393216K)
[2019-03-21T17:24:47.001+0800][70592.526s] GC(9) Metaspace: 40311K->40311K(1085440K)
[2019-03-21T17:24:47.001+0800][70592.526s] GC(9) Pause Young (Allocation Failure) 107M->22M(490M) 12.659ms
[2019-03-21T17:24:47.001+0800][70592.526s] GC(9) User=0.03s Sys=0.00s Real=0.01s
[2019-03-21T17:24:47.900+0800][70593.424s] GC(10) Pause Young (Allocation Failure)
[2019-03-21T17:24:47.900+0800][70593.424s] GC(10) Using 4 workers of 4 for evacuation
[2019-03-21T17:24:47.916+0800][70593.441s] GC(10) ParNew: 109248K->21824K(109248K)
[2019-03-21T17:24:47.916+0800][70593.441s] GC(10) CMS: 1553K->10447K(393216K)
[2019-03-21T17:24:47.916+0800][70593.441s] GC(10) Metaspace: 45271K->45271K(1089536K)
[2019-03-21T17:24:47.916+0800][70593.441s] GC(10) Pause Young (Allocation Failure) 108M->31M(490M) 16.804ms
[2019-03-21T17:24:47.917+0800][70593.441s] GC(10) User=0.06s Sys=0.00s Real=0.02s
[2019-03-21T17:43:55.158+0800][71740.683s] GC(11) Pause Young (Allocation Failure)
[2019-03-21T17:43:55.158+0800][71740.683s] GC(11) Using 4 workers of 4 for evacuation
[2019-03-21T17:43:55.176+0800][71740.701s] GC(11) ParNew: 109248K->21824K(109248K)
[2019-03-21T17:43:55.176+0800][71740.701s] GC(11) CMS: 10447K->11092K(393216K)
[2019-03-21T17:43:55.176+0800][71740.701s] GC(11) Metaspace: 50252K->50252K(1095680K)
[2019-03-21T17:43:55.176+0800][71740.702s] GC(11) Pause Young (Allocation Failure) 116M->32M(490M) 18.574ms
[2019-03-21T17:43:55.176+0800][71740.702s] GC(11) User=0.06s Sys=0.00s Real=0.02s
[2019-03-21T18:22:08.435+0800][74033.960s] GC(12) Pause Young (Allocation Failure)
[2019-03-21T18:22:08.436+0800][74033.961s] GC(12) Using 4 workers of 4 for evacuation
[2019-03-21T18:22:08.481+0800][74034.006s] GC(12) ParNew: 109231K->21824K(109248K)
[2019-03-21T18:22:08.481+0800][74034.006s] GC(12) CMS: 11092K->15151K(393216K)
[2019-03-21T18:22:08.481+0800][74034.006s] GC(12) Metaspace: 51231K->51231K(1095680K)
[2019-03-21T18:22:08.481+0800][74034.006s] GC(12) Pause Young (Allocation Failure) 117M->36M(490M) 45.558ms
[2019-03-21T18:22:08.481+0800][74034.006s] GC(12) User=0.13s Sys=0.06s Real=0.05s
[2019-03-21T18:22:08.594+0800][74034.119s] GC(13) Pause Young (Allocation Failure)
[2019-03-21T18:22:08.594+0800][74034.119s] GC(13) Using 4 workers of 4 for evacuation
[2019-03-21T18:22:08.609+0800][74034.134s] GC(13) ParNew: 109248K->21824K(109248K)
[2019-03-21T18:22:08.609+0800][74034.134s] GC(13) CMS: 15151K->16047K(393216K)
[2019-03-21T18:22:08.609+0800][74034.134s] GC(13) Metaspace: 51277K->51277K(1095680K)
[2019-03-21T18:22:08.609+0800][74034.134s] GC(13) Pause Young (Allocation Failure) 121M->36M(490M) 15.801ms
[2019-03-21T18:22:08.609+0800][74034.134s] GC(13) User=0.09s Sys=0.00s Real=0.01s
[2019-03-21T18:24:20.279+0800][74165.804s] GC(14) Pause Young (Allocation Failure)
[2019-03-21T18:24:20.280+0800][74165.805s] GC(14) Using 4 workers of 4 for evacuation
[2019-03-21T18:24:20.297+0800][74165.822s] GC(14) ParNew: 109248K->21824K(109248K)
[2019-03-21T18:24:20.297+0800][74165.822s] GC(14) CMS: 16047K->20854K(393216K)
[2019-03-21T18:24:20.297+0800][74165.822s] GC(14) Metaspace: 51985K->51985K(1095680K)
[2019-03-21T18:24:20.297+0800][74165.822s] GC(14) Pause Young (Allocation Failure) 122M->41M(490M) 17.834ms
[2019-03-21T18:24:20.297+0800][74165.822s] GC(14) User=0.05s Sys=0.03s Real=0.02s
[2019-03-21T18:24:20.385+0800][74165.910s] GC(15) Pause Young (Allocation Failure)
[2019-03-21T18:24:20.385+0800][74165.911s] GC(15) Using 4 workers of 4 for evacuation
[2019-03-21T18:24:20.398+0800][74165.923s] GC(15) ParNew: 109248K->18251K(109248K)
[2019-03-21T18:24:20.398+0800][74165.923s] GC(15) CMS: 20854K->20855K(393216K)
[2019-03-21T18:24:20.398+0800][74165.923s] GC(15) Metaspace: 52009K->52009K(1095680K)
[2019-03-21T18:24:20.398+0800][74165.923s] GC(15) Pause Young (Allocation Failure) 127M->38M(490M) 12.864ms
[2019-03-21T18:24:20.398+0800][74165.923s] GC(15) User=0.08s Sys=0.00s Real=0.01s
[2019-03-21T18:24:20.801+0800][74166.326s] GC(16) Pause Young (Allocation Failure)
[2019-03-21T18:24:20.801+0800][74166.326s] GC(16) Using 4 workers of 4 for evacuation
[2019-03-21T18:24:20.824+0800][74166.350s] GC(16) ParNew: 105675K->21824K(109248K)
[2019-03-21T18:24:20.825+0800][74166.350s] GC(16) CMS: 20855K->22687K(393216K)
[2019-03-21T18:24:20.825+0800][74166.350s] GC(16) Metaspace: 52069K->52069K(1095680K)
[2019-03-21T18:24:20.825+0800][74166.350s] GC(16) Pause Young (Allocation Failure) 123M->43M(490M) 23.332ms
[2019-03-21T18:24:20.825+0800][74166.350s] GC(16) User=0.09s Sys=0.00s Real=0.02s
