[2019-03-21T18:33:11.247+0800][0.020s] Using Concurrent Mark Sweep
[2019-03-21T18:33:11.247+0800][0.020s] Heap address: 0x00000000e0000000, size: 512 MB, Compressed Oops mode: 32-bit
[2019-03-21T18:33:13.302+0800][2.074s] GC(0) Pause Initial Mark
[2019-03-21T18:33:13.325+0800][2.097s] GC(0) Pause Initial Mark 78M->78M(490M) 22.920ms
[2019-03-21T18:33:13.325+0800][2.098s] GC(0) User=0.02s Sys=0.00s Real=0.02s
[2019-03-21T18:33:13.325+0800][2.098s] GC(0) Concurrent Mark
[2019-03-21T18:33:13.325+0800][2.098s] GC(0) Using 4 workers of 4 for marking
[2019-03-21T18:33:13.327+0800][2.099s] GC(0) Concurrent Mark 1.705ms
[2019-03-21T18:33:13.327+0800][2.099s] GC(0) User=0.00s Sys=0.00s Real=0.00s
[2019-03-21T18:33:13.327+0800][2.100s] GC(0) Concurrent Preclean
[2019-03-21T18:33:13.328+0800][2.101s] GC(0) Concurrent Preclean 1.291ms
[2019-03-21T18:33:13.328+0800][2.101s] GC(0) User=0.00s Sys=0.00s Real=0.00s
[2019-03-21T18:33:13.328+0800][2.101s] GC(0) Concurrent Abortable Preclean
[2019-03-21T18:33:13.381+0800][2.154s] GC(1) Pause Young (Allocation Failure)
[2019-03-21T18:33:13.382+0800][2.154s] GC(1) Using 4 workers of 4 for evacuation
[2019-03-21T18:33:13.394+0800][2.167s] GC(1) ParNew: 87424K->9969K(109248K)
[2019-03-21T18:33:13.394+0800][2.167s] GC(1) CMS: 0K->0K(393216K)
[2019-03-21T18:33:13.394+0800][2.167s] GC(1) Metaspace: 22781K->22781K(1071104K)
[2019-03-21T18:33:13.394+0800][2.167s] GC(1) Pause Young (Allocation Failure) 85M->9M(490M) 12.626ms
[2019-03-21T18:33:13.394+0800][2.167s] GC(1) User=0.06s Sys=0.02s Real=0.01s
[2019-03-21T18:33:14.500+0800][3.273s] GC(0) Concurrent Abortable Preclean 1171.894ms
[2019-03-21T18:33:14.500+0800][3.273s] GC(0) User=3.05s Sys=0.20s Real=1.17s
[2019-03-21T18:33:14.500+0800][3.273s] GC(0) Pause Remark
[2019-03-21T18:33:14.500+0800][3.273s] GC(2) Pause Young (CMS Final Remark)
[2019-03-21T18:33:14.500+0800][3.273s] GC(2) Using 4 workers of 4 for evacuation
[2019-03-21T18:33:14.510+0800][3.283s] GC(2) ParNew: 57947K->12883K(109248K)
[2019-03-21T18:33:14.510+0800][3.283s] GC(2) CMS: 0K->0K(393216K)
[2019-03-21T18:33:14.510+0800][3.283s] GC(2) Metaspace: 27489K->27489K(1075200K)
[2019-03-21T18:33:14.510+0800][3.283s] GC(2) Pause Young (CMS Final Remark) 56M->12M(490M) 9.913ms
[2019-03-21T18:33:14.510+0800][3.283s] GC(2) User=0.05s Sys=0.06s Real=0.01s
[2019-03-21T18:33:14.518+0800][3.291s] GC(0) Pause Remark 56M->12M(490M) 18.015ms
[2019-03-21T18:33:14.518+0800][3.291s] GC(0) User=0.09s Sys=0.06s Real=0.02s
[2019-03-21T18:33:14.518+0800][3.291s] GC(0) Concurrent Sweep
[2019-03-21T18:33:14.518+0800][3.291s] GC(0) Concurrent Sweep 0.057ms
[2019-03-21T18:33:14.518+0800][3.291s] GC(0) User=0.00s Sys=0.00s Real=0.00s
[2019-03-21T18:33:14.518+0800][3.291s] GC(0) Concurrent Reset
[2019-03-21T18:33:14.523+0800][3.297s] GC(0) Concurrent Reset 5.285ms
[2019-03-21T18:33:14.524+0800][3.297s] GC(0) User=0.00s Sys=0.00s Real=0.01s
[2019-03-21T18:33:14.524+0800][3.297s] GC(0) Old: 0K->0K(393216K)
[2019-03-21T18:33:15.551+0800][4.324s] GC(3) Pause Young (Allocation Failure)
[2019-03-21T18:33:15.551+0800][4.324s] GC(3) Using 4 workers of 4 for evacuation
[2019-03-21T18:33:15.567+0800][4.340s] GC(3) ParNew: 100307K->21824K(109248K)
[2019-03-21T18:33:15.567+0800][4.340s] GC(3) CMS: 0K->186K(393216K)
[2019-03-21T18:33:15.567+0800][4.340s] GC(3) Metaspace: 34818K->34818K(1081344K)
[2019-03-21T18:33:15.567+0800][4.340s] GC(3) Pause Young (Allocation Failure) 97M->21M(490M) 16.360ms
[2019-03-21T18:33:15.567+0800][4.340s] GC(3) User=0.09s Sys=0.00s Real=0.02s
[2019-03-21T18:33:15.899+0800][4.672s] GC(4) Pause Young (Allocation Failure)
[2019-03-21T18:33:15.899+0800][4.672s] GC(4) Using 4 workers of 4 for evacuation
[2019-03-21T18:33:15.914+0800][4.687s] GC(4) ParNew: 109248K->21824K(109248K)
[2019-03-21T18:33:15.914+0800][4.687s] GC(4) CMS: 186K->186K(393216K)
[2019-03-21T18:33:15.914+0800][4.687s] GC(4) Metaspace: 37169K->37169K(1083392K)
[2019-03-21T18:33:15.914+0800][4.687s] GC(4) Pause Young (Allocation Failure) 106M->21M(490M) 14.917ms
[2019-03-21T18:33:15.914+0800][4.687s] GC(4) User=0.08s Sys=0.00s Real=0.02s
[2019-03-21T18:33:16.083+0800][4.856s] GC(5) Pause Young (Allocation Failure)
[2019-03-21T18:33:16.083+0800][4.856s] GC(5) Using 4 workers of 4 for evacuation
[2019-03-21T18:33:16.097+0800][4.871s] GC(5) ParNew: 109248K->21824K(109248K)
[2019-03-21T18:33:16.097+0800][4.871s] GC(5) CMS: 186K->1242K(393216K)
[2019-03-21T18:33:16.097+0800][4.871s] GC(5) Metaspace: 38041K->38041K(1083392K)
[2019-03-21T18:33:16.097+0800][4.871s] GC(5) Pause Young (Allocation Failure) 106M->22M(490M) 14.762ms
[2019-03-21T18:33:16.097+0800][4.871s] GC(5) User=0.06s Sys=0.00s Real=0.01s
[2019-03-21T18:33:16.904+0800][5.676s] GC(6) Pause Young (Allocation Failure)
[2019-03-21T18:33:16.904+0800][5.676s] GC(6) Using 4 workers of 4 for evacuation
[2019-03-21T18:33:16.921+0800][5.693s] GC(6) ParNew: 109248K->21824K(109248K)
[2019-03-21T18:33:16.921+0800][5.693s] GC(6) CMS: 1242K->2414K(393216K)
[2019-03-21T18:33:16.921+0800][5.693s] GC(6) Metaspace: 43079K->43079K(1087488K)
[2019-03-21T18:33:16.921+0800][5.693s] GC(6) Pause Young (Allocation Failure) 107M->23M(490M) 17.037ms
[2019-03-21T18:33:16.921+0800][5.693s] GC(6) User=0.09s Sys=0.02s Real=0.02s
[2019-03-21T18:33:20.921+0800][9.693s] GC(7) Pause Initial Mark
[2019-03-21T18:33:20.929+0800][9.701s] GC(7) Pause Initial Mark 70M->70M(490M) 8.154ms
[2019-03-21T18:33:20.929+0800][9.701s] GC(7) User=0.06s Sys=0.00s Real=0.01s
[2019-03-21T18:33:20.929+0800][9.701s] GC(7) Concurrent Mark
[2019-03-21T18:33:20.929+0800][9.701s] GC(7) Using 4 workers of 4 for marking
[2019-03-21T18:33:20.931+0800][9.703s] GC(7) Concurrent Mark 1.698ms
[2019-03-21T18:33:20.931+0800][9.703s] GC(7) User=0.00s Sys=0.00s Real=0.00s
[2019-03-21T18:33:20.931+0800][9.703s] GC(7) Concurrent Preclean
[2019-03-21T18:33:20.932+0800][9.704s] GC(7) Concurrent Preclean 1.008ms
[2019-03-21T18:33:20.932+0800][9.704s] GC(7) User=0.00s Sys=0.00s Real=0.00s
[2019-03-21T18:33:20.932+0800][9.704s] GC(7) Concurrent Abortable Preclean
[2019-03-21T18:33:26.972+0800][15.745s] GC(7) Concurrent Abortable Preclean 6040.450ms
[2019-03-21T18:33:26.972+0800][15.745s] GC(7) User=2.58s Sys=0.00s Real=6.04s
[2019-03-21T18:33:26.972+0800][15.745s] GC(7) Pause Remark
[2019-03-21T18:33:26.972+0800][15.745s] GC(8) Pause Young (CMS Final Remark)
[2019-03-21T18:33:26.972+0800][15.745s] GC(8) Using 4 workers of 4 for evacuation
[2019-03-21T18:33:26.999+0800][15.772s] GC(8) ParNew: 69766K->21824K(109248K)
[2019-03-21T18:33:26.999+0800][15.772s] GC(8) CMS: 2414K->8895K(393216K)
[2019-03-21T18:33:26.999+0800][15.772s] GC(8) Metaspace: 46977K->46977K(1091584K)
[2019-03-21T18:33:26.999+0800][15.772s] GC(8) Pause Young (CMS Final Remark) 70M->29M(490M) 27.169ms
[2019-03-21T18:33:26.999+0800][15.772s] GC(8) User=0.06s Sys=0.00s Real=0.03s
[2019-03-21T18:33:27.020+0800][15.793s] GC(7) Pause Remark 70M->29M(490M) 47.965ms
[2019-03-21T18:33:27.020+0800][15.793s] GC(7) User=0.14s Sys=0.00s Real=0.05s
[2019-03-21T18:33:27.020+0800][15.793s] GC(7) Concurrent Sweep
[2019-03-21T18:33:27.023+0800][15.796s] GC(7) Concurrent Sweep 3.021ms
[2019-03-21T18:33:27.023+0800][15.796s] GC(7) User=0.00s Sys=0.00s Real=0.00s
[2019-03-21T18:33:27.023+0800][15.796s] GC(7) Concurrent Reset
[2019-03-21T18:33:27.025+0800][15.797s] GC(7) Concurrent Reset 1.095ms
[2019-03-21T18:33:27.025+0800][15.798s] GC(7) User=0.00s Sys=0.00s Real=0.00s
[2019-03-21T18:33:27.025+0800][15.798s] GC(7) Old: 2414K->8888K(393216K)
