[2019-03-21T18:52:17.754+0800][0.020s] Using Concurrent Mark Sweep
[2019-03-21T18:52:17.755+0800][0.020s] Heap address: 0x00000000e0000000, size: 512 MB, Compressed Oops mode: 32-bit
[2019-03-21T18:52:19.816+0800][2.080s] GC(0) Pause Initial Mark
[2019-03-21T18:52:19.837+0800][2.101s] GC(0) Pause Initial Mark 70M->70M(490M) 20.818ms
[2019-03-21T18:52:19.837+0800][2.101s] GC(0) User=0.02s Sys=0.00s Real=0.02s
[2019-03-21T18:52:19.837+0800][2.101s] GC(0) Concurrent Mark
[2019-03-21T18:52:19.837+0800][2.102s] GC(0) Using 4 workers of 4 for marking
[2019-03-21T18:52:19.837+0800][2.102s] GC(0) Concurrent Mark 0.557ms
[2019-03-21T18:52:19.837+0800][2.102s] GC(0) User=0.00s Sys=0.00s Real=0.00s
[2019-03-21T18:52:19.837+0800][2.102s] GC(0) Concurrent Preclean
[2019-03-21T18:52:19.839+0800][2.103s] GC(0) Concurrent Preclean 1.224ms
[2019-03-21T18:52:19.839+0800][2.103s] GC(0) User=0.00s Sys=0.00s Real=0.00s
[2019-03-21T18:52:19.839+0800][2.103s] GC(0) Concurrent Abortable Preclean
[2019-03-21T18:52:20.136+0800][2.401s] GC(1) Pause Young (Allocation Failure)
[2019-03-21T18:52:20.137+0800][2.401s] GC(1) Using 4 workers of 4 for evacuation
[2019-03-21T18:52:20.138+0800][2.402s] GC(0) Concurrent Abortable Preclean 298.902ms
[2019-03-21T18:52:20.138+0800][2.402s] GC(0) User=0.45s Sys=0.14s Real=0.30s
[2019-03-21T18:52:20.150+0800][2.414s] GC(1) ParNew: 87424K->9967K(109248K)
[2019-03-21T18:52:20.150+0800][2.414s] GC(1) CMS: 0K->0K(393216K)
[2019-03-21T18:52:20.150+0800][2.414s] GC(1) Metaspace: 22787K->22787K(1071104K)
[2019-03-21T18:52:20.150+0800][2.414s] GC(1) Pause Young (Allocation Failure) 85M->9M(490M) 13.358ms
[2019-03-21T18:52:20.150+0800][2.414s] GC(1) User=0.09s Sys=0.00s Real=0.01s
[2019-03-21T18:52:20.150+0800][2.415s] GC(0) Pause Remark
[2019-03-21T18:52:20.150+0800][2.415s] GC(2) Pause Young (CMS Final Remark)
[2019-03-21T18:52:20.150+0800][2.415s] GC(2) Using 4 workers of 4 for evacuation
[2019-03-21T18:52:20.158+0800][2.423s] GC(2) ParNew: 11470K->12639K(109248K)
[2019-03-21T18:52:20.158+0800][2.423s] GC(2) CMS: 0K->0K(393216K)
[2019-03-21T18:52:20.158+0800][2.423s] GC(2) Metaspace: 22787K->22787K(1071104K)
[2019-03-21T18:52:20.158+0800][2.423s] GC(2) Pause Young (CMS Final Remark) 11M->12M(490M) 8.311ms
[2019-03-21T18:52:20.158+0800][2.423s] GC(2) User=0.06s Sys=0.02s Real=0.01s
[2019-03-21T18:52:20.165+0800][2.430s] GC(0) Pause Remark 11M->12M(490M) 15.469ms
[2019-03-21T18:52:20.165+0800][2.430s] GC(0) User=0.06s Sys=0.02s Real=0.01s
[2019-03-21T18:52:20.166+0800][2.430s] GC(0) Concurrent Sweep
[2019-03-21T18:52:20.166+0800][2.430s] GC(0) Concurrent Sweep 0.117ms
[2019-03-21T18:52:20.166+0800][2.430s] GC(0) User=0.00s Sys=0.00s Real=0.00s
[2019-03-21T18:52:20.166+0800][2.430s] GC(0) Concurrent Reset
[2019-03-21T18:52:20.170+0800][2.434s] GC(0) Concurrent Reset 3.854ms
[2019-03-21T18:52:20.170+0800][2.434s] GC(0) User=0.00s Sys=0.00s Real=0.00s
[2019-03-21T18:52:20.170+0800][2.434s] GC(0) Old: 0K->0K(393216K)
[2019-03-21T18:52:21.942+0800][4.207s] GC(3) Pause Young (Allocation Failure)
[2019-03-21T18:52:21.942+0800][4.207s] GC(3) Using 4 workers of 4 for evacuation
[2019-03-21T18:52:21.953+0800][4.219s] GC(3) ParNew: 100063K->15847K(109248K)
[2019-03-21T18:52:21.953+0800][4.219s] GC(3) CMS: 0K->0K(393216K)
[2019-03-21T18:52:21.954+0800][4.219s] GC(3) Metaspace: 32089K->32089K(1079296K)
[2019-03-21T18:52:21.954+0800][4.219s] GC(3) Pause Young (Allocation Failure) 97M->15M(490M) 11.304ms
[2019-03-21T18:52:21.954+0800][4.219s] GC(3) User=0.00s Sys=0.00s Real=0.01s
[2019-03-21T18:52:22.723+0800][4.989s] GC(4) Pause Young (Allocation Failure)
[2019-03-21T18:52:22.723+0800][4.989s] GC(4) Using 4 workers of 4 for evacuation
[2019-03-21T18:52:22.739+0800][5.004s] GC(4) ParNew: 103271K->21824K(109248K)
[2019-03-21T18:52:22.739+0800][5.004s] GC(4) CMS: 0K->170K(393216K)
[2019-03-21T18:52:22.739+0800][5.004s] GC(4) Metaspace: 35734K->35734K(1081344K)
[2019-03-21T18:52:22.739+0800][5.004s] GC(4) Pause Young (Allocation Failure) 100M->21M(490M) 15.664ms
[2019-03-21T18:52:22.739+0800][5.004s] GC(4) User=0.05s Sys=0.02s Real=0.02s
[2019-03-21T18:52:22.996+0800][5.261s] GC(5) Pause Young (Allocation Failure)
[2019-03-21T18:52:22.996+0800][5.261s] GC(5) Using 4 workers of 4 for evacuation
[2019-03-21T18:52:23.012+0800][5.278s] GC(5) ParNew: 109221K->21824K(109248K)
[2019-03-21T18:52:23.012+0800][5.278s] GC(5) CMS: 170K->987K(393216K)
[2019-03-21T18:52:23.012+0800][5.278s] GC(5) Metaspace: 37656K->37656K(1083392K)
[2019-03-21T18:52:23.012+0800][5.278s] GC(5) Pause Young (Allocation Failure) 106M->22M(490M) 16.660ms
[2019-03-21T18:52:23.012+0800][5.278s] GC(5) User=0.06s Sys=0.00s Real=0.02s
[2019-03-21T18:52:23.571+0800][5.836s] GC(6) Pause Young (Allocation Failure)
[2019-03-21T18:52:23.571+0800][5.836s] GC(6) Using 4 workers of 4 for evacuation
[2019-03-21T18:52:23.587+0800][5.852s] GC(6) ParNew: 109248K->21824K(109248K)
[2019-03-21T18:52:23.587+0800][5.852s] GC(6) CMS: 987K->1385K(393216K)
[2019-03-21T18:52:23.587+0800][5.852s] GC(6) Metaspace: 40657K->40657K(1085440K)
[2019-03-21T18:52:23.587+0800][5.852s] GC(6) Pause Young (Allocation Failure) 107M->22M(490M) 15.959ms
[2019-03-21T18:52:23.587+0800][5.852s] GC(6) User=0.08s Sys=0.00s Real=0.02s
[2019-03-21T18:52:23.587+0800][5.852s] GC(7) Pause Initial Mark
[2019-03-21T18:52:23.592+0800][5.856s] GC(7) Pause Initial Mark 23M->23M(490M) 4.036ms
[2019-03-21T18:52:23.592+0800][5.856s] GC(7) User=0.00s Sys=0.00s Real=0.01s
[2019-03-21T18:52:23.592+0800][5.856s] GC(7) Concurrent Mark
[2019-03-21T18:52:23.592+0800][5.856s] GC(7) Using 4 workers of 4 for marking
[2019-03-21T18:52:23.594+0800][5.858s] GC(7) Concurrent Mark 1.955ms
[2019-03-21T18:52:23.594+0800][5.858s] GC(7) User=0.00s Sys=0.00s Real=0.00s
[2019-03-21T18:52:23.594+0800][5.858s] GC(7) Concurrent Preclean
[2019-03-21T18:52:23.595+0800][5.859s] GC(7) Concurrent Preclean 1.060ms
[2019-03-21T18:52:23.595+0800][5.859s] GC(7) User=0.00s Sys=0.00s Real=0.00s
[2019-03-21T18:52:23.595+0800][5.860s] GC(7) Pause Remark
[2019-03-21T18:52:23.595+0800][5.860s] GC(8) Pause Young (CMS Final Remark)
[2019-03-21T18:52:23.595+0800][5.860s] GC(8) Using 4 workers of 4 for evacuation
[2019-03-21T18:52:23.611+0800][5.875s] GC(8) ParNew: 23186K->21824K(109248K)
[2019-03-21T18:52:23.611+0800][5.875s] GC(8) CMS: 1385K->2808K(393216K)
[2019-03-21T18:52:23.611+0800][5.875s] GC(8) Metaspace: 40666K->40666K(1085440K)
[2019-03-21T18:52:23.611+0800][5.875s] GC(8) Pause Young (CMS Final Remark) 23M->24M(490M) 15.815ms
[2019-03-21T18:52:23.611+0800][5.875s] GC(8) User=0.11s Sys=0.00s Real=0.02s
[2019-03-21T18:52:23.632+0800][5.896s] GC(7) Pause Remark 23M->24M(490M) 36.915ms
[2019-03-21T18:52:23.632+0800][5.897s] GC(7) User=0.14s Sys=0.00s Real=0.04s
[2019-03-21T18:52:23.632+0800][5.897s] GC(7) Concurrent Sweep
[2019-03-21T18:52:23.634+0800][5.898s] GC(7) Concurrent Sweep 1.473ms
[2019-03-21T18:52:23.634+0800][5.898s] GC(7) User=0.00s Sys=0.00s Real=0.00s
[2019-03-21T18:52:23.634+0800][5.898s] GC(7) Concurrent Reset
[2019-03-21T18:52:23.635+0800][5.900s] GC(7) Concurrent Reset 1.373ms
[2019-03-21T18:52:23.635+0800][5.900s] GC(7) User=0.00s Sys=0.00s Real=0.00s
[2019-03-21T18:52:23.635+0800][5.900s] GC(7) Old: 1385K->2806K(393216K)
[2019-03-21T18:52:24.547+0800][6.812s] GC(9) Pause Young (Allocation Failure)
[2019-03-21T18:52:24.547+0800][6.812s] GC(9) Using 4 workers of 4 for evacuation
[2019-03-21T18:52:24.575+0800][6.839s] GC(9) ParNew: 109248K->21824K(109248K)
[2019-03-21T18:52:24.575+0800][6.839s] GC(9) CMS: 2806K->8151K(393216K)
[2019-03-21T18:52:24.575+0800][6.839s] GC(9) Metaspace: 45587K->45587K(1091584K)
[2019-03-21T18:52:24.575+0800][6.840s] GC(9) Pause Young (Allocation Failure) 109M->29M(490M) 27.606ms
[2019-03-21T18:52:24.575+0800][6.840s] GC(9) User=0.19s Sys=0.00s Real=0.03s
