[2019-03-24T19:48:00.578+0800][0.032s] Using Concurrent Mark Sweep
[2019-03-24T19:48:00.578+0800][0.032s] Heap address: 0x00000000e0000000, size: 512 MB, Compressed Oops mode: 32-bit
[2019-03-24T19:48:04.649+0800][4.103s] GC(0) Pause Initial Mark
[2019-03-24T19:48:04.664+0800][4.119s] GC(0) Pause Initial Mark 75M->75M(490M) 15.543ms
[2019-03-24T19:48:04.664+0800][4.119s] GC(0) User=0.02s Sys=0.00s Real=0.02s
[2019-03-24T19:48:04.664+0800][4.119s] GC(0) Concurrent Mark
[2019-03-24T19:48:04.665+0800][4.119s] GC(0) Using 4 workers of 4 for marking
[2019-03-24T19:48:04.665+0800][4.119s] GC(0) Concurrent Mark 0.526ms
[2019-03-24T19:48:04.665+0800][4.119s] GC(0) User=0.00s Sys=0.00s Real=0.00s
[2019-03-24T19:48:04.665+0800][4.119s] GC(0) Concurrent Preclean
[2019-03-24T19:48:04.666+0800][4.120s] GC(0) Concurrent Preclean 0.809ms
[2019-03-24T19:48:04.666+0800][4.120s] GC(0) User=0.00s Sys=0.00s Real=0.00s
[2019-03-24T19:48:04.666+0800][4.120s] GC(0) Concurrent Abortable Preclean
[2019-03-24T19:48:04.889+0800][4.344s] GC(1) Pause Young (Allocation Failure)
[2019-03-24T19:48:04.889+0800][4.344s] GC(1) Using 4 workers of 4 for evacuation
[2019-03-24T19:48:04.899+0800][4.354s] GC(1) ParNew: 87424K->9968K(109248K)
[2019-03-24T19:48:04.899+0800][4.354s] GC(1) CMS: 0K->0K(393216K)
[2019-03-24T19:48:04.899+0800][4.354s] GC(1) Metaspace: 22820K->22820K(1071104K)
[2019-03-24T19:48:04.899+0800][4.354s] GC(1) Pause Young (Allocation Failure) 85M->9M(490M) 10.165ms
[2019-03-24T19:48:04.899+0800][4.354s] GC(1) User=0.03s Sys=0.02s Real=0.01s
[2019-03-24T19:48:07.439+0800][6.893s] GC(0) Concurrent Abortable Preclean 2772.703ms
[2019-03-24T19:48:07.439+0800][6.893s] GC(0) User=2.39s Sys=0.17s Real=2.77s
[2019-03-24T19:48:07.439+0800][6.893s] GC(0) Pause Remark
[2019-03-24T19:48:07.439+0800][6.893s] GC(2) Pause Young (CMS Final Remark)
[2019-03-24T19:48:07.439+0800][6.893s] GC(2) Using 4 workers of 4 for evacuation
[2019-03-24T19:48:07.447+0800][6.901s] GC(2) ParNew: 56443K->12808K(109248K)
[2019-03-24T19:48:07.447+0800][6.901s] GC(2) CMS: 0K->0K(393216K)
[2019-03-24T19:48:07.447+0800][6.901s] GC(2) Metaspace: 27525K->27525K(1075200K)
[2019-03-24T19:48:07.447+0800][6.901s] GC(2) Pause Young (CMS Final Remark) 55M->12M(490M) 7.932ms
[2019-03-24T19:48:07.447+0800][6.901s] GC(2) User=0.00s Sys=0.00s Real=0.01s
[2019-03-24T19:48:07.454+0800][6.908s] GC(0) Pause Remark 55M->12M(490M) 14.511ms
[2019-03-24T19:48:07.454+0800][6.908s] GC(0) User=0.00s Sys=0.00s Real=0.02s
[2019-03-24T19:48:07.454+0800][6.908s] GC(0) Concurrent Sweep
[2019-03-24T19:48:07.454+0800][6.908s] GC(0) Concurrent Sweep 0.048ms
[2019-03-24T19:48:07.454+0800][6.908s] GC(0) User=0.00s Sys=0.00s Real=0.00s
[2019-03-24T19:48:07.454+0800][6.908s] GC(0) Concurrent Reset
[2019-03-24T19:48:07.459+0800][6.913s] GC(0) Concurrent Reset 5.439ms
[2019-03-24T19:48:07.459+0800][6.913s] GC(0) User=0.05s Sys=0.00s Real=0.01s
[2019-03-24T19:48:07.459+0800][6.913s] GC(0) Old: 0K->0K(393216K)
[2019-03-24T19:48:08.920+0800][8.374s] GC(3) Pause Young (Allocation Failure)
[2019-03-24T19:48:08.920+0800][8.374s] GC(3) Using 4 workers of 4 for evacuation
[2019-03-24T19:48:08.931+0800][8.385s] GC(3) ParNew: 100232K->21824K(109248K)
[2019-03-24T19:48:08.931+0800][8.385s] GC(3) CMS: 0K->0K(393216K)
[2019-03-24T19:48:08.931+0800][8.385s] GC(3) Metaspace: 34583K->34583K(1081344K)
[2019-03-24T19:48:08.931+0800][8.385s] GC(3) Pause Young (Allocation Failure) 97M->21M(490M) 10.871ms
[2019-03-24T19:48:08.931+0800][8.385s] GC(3) User=0.09s Sys=0.00s Real=0.01s
[2019-03-24T19:48:09.144+0800][8.598s] GC(4) Pause Young (Allocation Failure)
[2019-03-24T19:48:09.144+0800][8.598s] GC(4) Using 4 workers of 4 for evacuation
[2019-03-24T19:48:09.160+0800][8.615s] GC(4) ParNew: 109248K->21824K(109248K)
[2019-03-24T19:48:09.160+0800][8.615s] GC(4) CMS: 0K->1691K(393216K)
[2019-03-24T19:48:09.160+0800][8.615s] GC(4) Metaspace: 35813K->35813K(1081344K)
[2019-03-24T19:48:09.160+0800][8.615s] GC(4) Pause Young (Allocation Failure) 106M->22M(490M) 16.584ms
[2019-03-24T19:48:09.160+0800][8.615s] GC(4) User=0.03s Sys=0.03s Real=0.02s
[2019-03-24T19:48:09.260+0800][8.715s] GC(5) Pause Young (Allocation Failure)
[2019-03-24T19:48:09.260+0800][8.715s] GC(5) Using 4 workers of 4 for evacuation
[2019-03-24T19:48:09.271+0800][8.726s] GC(5) ParNew: 109248K->21824K(109248K)
[2019-03-24T19:48:09.271+0800][8.726s] GC(5) CMS: 1691K->3459K(393216K)
[2019-03-24T19:48:09.271+0800][8.726s] GC(5) Metaspace: 37525K->37525K(1083392K)
[2019-03-24T19:48:09.272+0800][8.726s] GC(5) Pause Young (Allocation Failure) 108M->24M(490M) 11.192ms
[2019-03-24T19:48:09.272+0800][8.726s] GC(5) User=0.06s Sys=0.00s Real=0.01s
[2019-03-24T19:48:09.337+0800][8.791s] GC(6) Pause Young (Allocation Failure)
[2019-03-24T19:48:09.337+0800][8.791s] GC(6) Using 4 workers of 4 for evacuation
[2019-03-24T19:48:09.346+0800][8.800s] GC(6) ParNew: 109248K->21824K(109248K)
[2019-03-24T19:48:09.346+0800][8.801s] GC(6) CMS: 3459K->5113K(393216K)
[2019-03-24T19:48:09.346+0800][8.801s] GC(6) Metaspace: 37766K->37766K(1083392K)
[2019-03-24T19:48:09.346+0800][8.801s] GC(6) Pause Young (Allocation Failure) 110M->26M(490M) 9.395ms
[2019-03-24T19:48:09.346+0800][8.801s] GC(6) User=0.06s Sys=0.00s Real=0.01s
[2019-03-24T19:48:09.512+0800][8.967s] GC(7) Pause Young (Allocation Failure)
[2019-03-24T19:48:09.512+0800][8.967s] GC(7) Using 4 workers of 4 for evacuation
[2019-03-24T19:48:09.520+0800][8.975s] GC(7) ParNew: 109248K->21510K(109248K)
[2019-03-24T19:48:09.520+0800][8.975s] GC(7) CMS: 5113K->5113K(393216K)
[2019-03-24T19:48:09.520+0800][8.975s] GC(7) Metaspace: 38359K->38359K(1083392K)
[2019-03-24T19:48:09.520+0800][8.975s] GC(7) Pause Young (Allocation Failure) 111M->26M(490M) 8.275ms
[2019-03-24T19:48:09.520+0800][8.975s] GC(7) User=0.09s Sys=0.00s Real=0.01s
[2019-03-24T19:48:09.891+0800][9.345s] GC(8) Pause Young (Allocation Failure)
[2019-03-24T19:48:09.891+0800][9.345s] GC(8) Using 4 workers of 4 for evacuation
[2019-03-24T19:48:09.902+0800][9.356s] GC(8) ParNew: 108934K->21824K(109248K)
[2019-03-24T19:48:09.902+0800][9.356s] GC(8) CMS: 5113K->5176K(393216K)
[2019-03-24T19:48:09.902+0800][9.356s] GC(8) Metaspace: 43187K->43187K(1089536K)
[2019-03-24T19:48:09.902+0800][9.356s] GC(8) Pause Young (Allocation Failure) 111M->26M(490M) 10.975ms
[2019-03-24T19:48:09.902+0800][9.356s] GC(8) User=0.05s Sys=0.02s Real=0.01s
[2019-03-24T19:48:10.172+0800][9.626s] GC(9) Pause Young (Allocation Failure)
[2019-03-24T19:48:10.172+0800][9.626s] GC(9) Using 4 workers of 4 for evacuation
[2019-03-24T19:48:10.198+0800][9.652s] GC(9) ParNew: 109248K->21824K(109248K)
[2019-03-24T19:48:10.198+0800][9.652s] GC(9) CMS: 5176K->18231K(393216K)
[2019-03-24T19:48:10.198+0800][9.652s] GC(9) Metaspace: 45981K->45981K(1091584K)
[2019-03-24T19:48:10.198+0800][9.652s] GC(9) Pause Young (Allocation Failure) 111M->39M(490M) 25.953ms
[2019-03-24T19:48:10.198+0800][9.652s] GC(9) User=0.14s Sys=0.02s Real=0.03s
[2019-03-24T19:48:12.199+0800][11.652s] GC(10) Pause Initial Mark
[2019-03-24T19:48:12.203+0800][11.656s] GC(10) Pause Initial Mark 55M->55M(490M) 3.986ms
[2019-03-24T19:48:12.203+0800][11.657s] GC(10) User=0.00s Sys=0.00s Real=0.00s
[2019-03-24T19:48:12.203+0800][11.657s] GC(10) Concurrent Mark
[2019-03-24T19:48:12.203+0800][11.657s] GC(10) Using 4 workers of 4 for marking
[2019-03-24T19:48:12.209+0800][11.663s] GC(10) Concurrent Mark 6.481ms
[2019-03-24T19:48:12.209+0800][11.663s] GC(10) User=0.06s Sys=0.00s Real=0.01s
[2019-03-24T19:48:12.209+0800][11.663s] GC(10) Concurrent Preclean
[2019-03-24T19:48:12.210+0800][11.664s] GC(10) Concurrent Preclean 0.882ms
[2019-03-24T19:48:12.210+0800][11.664s] GC(10) User=0.00s Sys=0.00s Real=0.00s
[2019-03-24T19:48:12.210+0800][11.664s] GC(10) Concurrent Abortable Preclean
[2019-03-24T19:48:18.292+0800][17.746s] GC(10) Concurrent Abortable Preclean 6082.357ms
[2019-03-24T19:48:18.292+0800][17.746s] GC(10) User=3.55s Sys=0.23s Real=6.08s
[2019-03-24T19:48:18.292+0800][17.747s] GC(10) Pause Remark
[2019-03-24T19:48:18.292+0800][17.747s] GC(11) Pause Young (CMS Final Remark)
[2019-03-24T19:48:18.292+0800][17.747s] GC(11) Using 4 workers of 4 for evacuation
[2019-03-24T19:48:18.307+0800][17.761s] GC(11) ParNew: 43130K->20216K(109248K)
[2019-03-24T19:48:18.307+0800][17.761s] GC(11) CMS: 18231K->26145K(393216K)
[2019-03-24T19:48:18.307+0800][17.761s] GC(11) Metaspace: 47587K->47587K(1091584K)
[2019-03-24T19:48:18.307+0800][17.761s] GC(11) Pause Young (CMS Final Remark) 59M->45M(490M) 14.888ms
[2019-03-24T19:48:18.307+0800][17.762s] GC(11) User=0.03s Sys=0.03s Real=0.01s
[2019-03-24T19:48:18.327+0800][17.782s] GC(10) Pause Remark 59M->45M(490M) 35.154ms
[2019-03-24T19:48:18.327+0800][17.782s] GC(10) User=0.05s Sys=0.03s Real=0.03s
[2019-03-24T19:48:18.327+0800][17.782s] GC(10) Concurrent Sweep
[2019-03-24T19:48:18.333+0800][17.787s] GC(10) Concurrent Sweep 5.255ms
[2019-03-24T19:48:18.333+0800][17.787s] GC(10) User=0.02s Sys=0.00s Real=0.01s
[2019-03-24T19:48:18.333+0800][17.787s] GC(10) Concurrent Reset
[2019-03-24T19:48:18.333+0800][17.787s] GC(10) Concurrent Reset 0.346ms
[2019-03-24T19:48:18.333+0800][17.787s] GC(10) User=0.00s Sys=0.00s Real=0.00s
[2019-03-24T19:48:18.333+0800][17.788s] GC(10) Old: 18231K->25991K(393216K)
