[2019-03-24T19:59:23.743+0800][0.117s] Using Concurrent Mark Sweep
[2019-03-24T19:59:23.743+0800][0.117s] Heap address: 0x00000000e0000000, size: 512 MB, Compressed Oops mode: 32-bit
[2019-03-24T19:59:25.670+0800][2.044s] GC(0) Pause Young (Allocation Failure)
[2019-03-24T19:59:25.670+0800][2.044s] GC(0) Using 4 workers of 4 for evacuation
[2019-03-24T19:59:25.680+0800][2.053s] GC(0) ParNew: 87424K->10114K(109248K)
[2019-03-24T19:59:25.680+0800][2.053s] GC(0) CMS: 0K->0K(393216K)
[2019-03-24T19:59:25.680+0800][2.053s] GC(0) Metaspace: 22748K->22748K(1071104K)
[2019-03-24T19:59:25.680+0800][2.054s] GC(0) Pause Young (Allocation Failure) 85M->9M(490M) 9.991ms
[2019-03-24T19:59:25.680+0800][2.054s] GC(0) User=0.02s Sys=0.06s Real=0.01s
[2019-03-24T19:59:25.680+0800][2.054s] GC(1) Pause Initial Mark
[2019-03-24T19:59:25.682+0800][2.055s] GC(1) Pause Initial Mark 11M->11M(490M) 1.537ms
[2019-03-24T19:59:25.682+0800][2.056s] GC(1) User=0.00s Sys=0.00s Real=0.00s
[2019-03-24T19:59:25.682+0800][2.056s] GC(1) Concurrent Mark
[2019-03-24T19:59:25.682+0800][2.056s] GC(1) Using 4 workers of 4 for marking
[2019-03-24T19:59:25.684+0800][2.057s] GC(1) Concurrent Mark 1.867ms
[2019-03-24T19:59:25.684+0800][2.057s] GC(1) User=0.00s Sys=0.00s Real=0.00s
[2019-03-24T19:59:25.684+0800][2.058s] GC(1) Concurrent Preclean
[2019-03-24T19:59:25.684+0800][2.058s] GC(1) Concurrent Preclean 0.726ms
[2019-03-24T19:59:25.684+0800][2.058s] GC(1) User=0.00s Sys=0.00s Real=0.00s
[2019-03-24T19:59:25.685+0800][2.058s] GC(1) Pause Remark
[2019-03-24T19:59:25.685+0800][2.058s] GC(2) Pause Young (CMS Final Remark)
[2019-03-24T19:59:25.685+0800][2.058s] GC(2) Using 4 workers of 4 for evacuation
[2019-03-24T19:59:25.691+0800][2.064s] GC(2) ParNew: 11618K->13055K(109248K)
[2019-03-24T19:59:25.691+0800][2.065s] GC(2) CMS: 0K->0K(393216K)
[2019-03-24T19:59:25.691+0800][2.065s] GC(2) Metaspace: 22751K->22751K(1071104K)
[2019-03-24T19:59:25.691+0800][2.065s] GC(2) Pause Young (CMS Final Remark) 11M->12M(490M) 6.114ms
[2019-03-24T19:59:25.691+0800][2.065s] GC(2) User=0.08s Sys=0.00s Real=0.01s
[2019-03-24T19:59:25.696+0800][2.070s] GC(1) Pause Remark 11M->12M(490M) 11.398ms
[2019-03-24T19:59:25.696+0800][2.070s] GC(1) User=0.08s Sys=0.00s Real=0.01s
[2019-03-24T19:59:25.696+0800][2.070s] GC(1) Concurrent Sweep
[2019-03-24T19:59:25.697+0800][2.070s] GC(1) Concurrent Sweep 0.399ms
[2019-03-24T19:59:25.697+0800][2.070s] GC(1) User=0.00s Sys=0.00s Real=0.00s
[2019-03-24T19:59:25.697+0800][2.070s] GC(1) Concurrent Reset
[2019-03-24T19:59:25.700+0800][2.074s] GC(1) Concurrent Reset 3.368ms
[2019-03-24T19:59:25.700+0800][2.074s] GC(1) User=0.00s Sys=0.00s Real=0.00s
[2019-03-24T19:59:25.700+0800][2.074s] GC(1) Old: 0K->0K(393216K)
[2019-03-24T19:59:27.021+0800][3.395s] GC(3) Pause Young (Allocation Failure)
[2019-03-24T19:59:27.021+0800][3.395s] GC(3) Using 4 workers of 4 for evacuation
[2019-03-24T19:59:27.029+0800][3.403s] GC(3) ParNew: 100479K->14874K(109248K)
[2019-03-24T19:59:27.029+0800][3.403s] GC(3) CMS: 0K->0K(393216K)
[2019-03-24T19:59:27.029+0800][3.403s] GC(3) Metaspace: 32087K->32087K(1079296K)
[2019-03-24T19:59:27.029+0800][3.403s] GC(3) Pause Young (Allocation Failure) 98M->14M(490M) 7.942ms
[2019-03-24T19:59:27.029+0800][3.403s] GC(3) User=0.00s Sys=0.00s Real=0.01s
[2019-03-24T19:59:28.600+0800][4.974s] GC(4) Pause Young (Allocation Failure)
[2019-03-24T19:59:28.600+0800][4.974s] GC(4) Using 4 workers of 4 for evacuation
[2019-03-24T19:59:28.609+0800][4.984s] GC(4) ParNew: 102298K->21824K(109248K)
[2019-03-24T19:59:28.609+0800][4.984s] GC(4) CMS: 0K->0K(393216K)
[2019-03-24T19:59:28.609+0800][4.984s] GC(4) Metaspace: 36903K->36903K(1083392K)
[2019-03-24T19:59:28.609+0800][4.984s] GC(4) Pause Young (Allocation Failure) 99M->21M(490M) 9.561ms
[2019-03-24T19:59:28.609+0800][4.984s] GC(4) User=0.00s Sys=0.00s Real=0.01s
[2019-03-24T19:59:28.987+0800][5.362s] GC(5) Pause Young (Allocation Failure)
[2019-03-24T19:59:28.987+0800][5.362s] GC(5) Using 4 workers of 4 for evacuation
[2019-03-24T19:59:28.998+0800][5.373s] GC(5) ParNew: 109248K->21824K(109248K)
[2019-03-24T19:59:28.999+0800][5.373s] GC(5) CMS: 0K->1163K(393216K)
[2019-03-24T19:59:28.999+0800][5.373s] GC(5) Metaspace: 38603K->38603K(1085440K)
[2019-03-24T19:59:28.999+0800][5.373s] GC(5) Pause Young (Allocation Failure) 106M->22M(490M) 11.307ms
[2019-03-24T19:59:28.999+0800][5.373s] GC(5) User=0.00s Sys=0.00s Real=0.01s
[2019-03-24T19:59:28.999+0800][5.373s] GC(6) Pause Initial Mark
[2019-03-24T19:59:29.002+0800][5.377s] GC(6) Pause Initial Mark 23M->23M(490M) 3.469ms
[2019-03-24T19:59:29.002+0800][5.377s] GC(6) User=0.05s Sys=0.00s Real=0.00s
[2019-03-24T19:59:29.002+0800][5.377s] GC(6) Concurrent Mark
[2019-03-24T19:59:29.002+0800][5.377s] GC(6) Using 4 workers of 4 for marking
[2019-03-24T19:59:29.004+0800][5.378s] GC(6) Concurrent Mark 1.212ms
[2019-03-24T19:59:29.004+0800][5.378s] GC(6) User=0.00s Sys=0.00s Real=0.00s
[2019-03-24T19:59:29.004+0800][5.378s] GC(6) Concurrent Preclean
[2019-03-24T19:59:29.004+0800][5.379s] GC(6) Concurrent Preclean 0.532ms
[2019-03-24T19:59:29.004+0800][5.379s] GC(6) User=0.00s Sys=0.00s Real=0.00s
[2019-03-24T19:59:29.004+0800][5.379s] GC(6) Concurrent Abortable Preclean
[2019-03-24T19:59:29.064+0800][5.438s] GC(7) Pause Young (Allocation Failure)
[2019-03-24T19:59:29.064+0800][5.438s] GC(7) Using 4 workers of 4 for evacuation
[2019-03-24T19:59:29.078+0800][5.452s] GC(7) ParNew: 109248K->21824K(109248K)
[2019-03-24T19:59:29.078+0800][5.452s] GC(7) CMS: 1163K->10643K(393216K)
[2019-03-24T19:59:29.078+0800][5.452s] GC(7) Metaspace: 39000K->39000K(1085440K)
[2019-03-24T19:59:29.078+0800][5.452s] GC(7) Pause Young (Allocation Failure) 107M->31M(490M) 14.156ms
[2019-03-24T19:59:29.078+0800][5.452s] GC(7) User=0.11s Sys=0.00s Real=0.01s
[2019-03-24T19:59:29.078+0800][5.453s] GC(6) Concurrent Abortable Preclean 73.705ms
[2019-03-24T19:59:29.078+0800][5.453s] GC(6) User=0.30s Sys=0.02s Real=0.07s
[2019-03-24T19:59:29.078+0800][5.453s] GC(6) Pause Remark
[2019-03-24T19:59:29.078+0800][5.453s] GC(8) Pause Young (CMS Final Remark)
[2019-03-24T19:59:29.078+0800][5.453s] GC(8) Using 4 workers of 4 for evacuation
[2019-03-24T19:59:29.083+0800][5.458s] GC(8) ParNew: 23267K->14853K(109248K)
[2019-03-24T19:59:29.083+0800][5.458s] GC(8) CMS: 10643K->10643K(393216K)
[2019-03-24T19:59:29.083+0800][5.458s] GC(8) Metaspace: 39000K->39000K(1085440K)
[2019-03-24T19:59:29.083+0800][5.458s] GC(8) Pause Young (CMS Final Remark) 33M->24M(490M) 5.228ms
[2019-03-24T19:59:29.083+0800][5.458s] GC(8) User=0.06s Sys=0.00s Real=0.00s
[2019-03-24T19:59:29.093+0800][5.468s] GC(6) Pause Remark 33M->24M(490M) 14.925ms
[2019-03-24T19:59:29.093+0800][5.468s] GC(6) User=0.06s Sys=0.00s Real=0.01s
[2019-03-24T19:59:29.093+0800][5.468s] GC(6) Concurrent Sweep
[2019-03-24T19:59:29.095+0800][5.470s] GC(6) Concurrent Sweep 2.201ms
[2019-03-24T19:59:29.095+0800][5.470s] GC(6) User=0.00s Sys=0.00s Real=0.00s
[2019-03-24T19:59:29.095+0800][5.470s] GC(6) Concurrent Reset
[2019-03-24T19:59:29.096+0800][5.471s] GC(6) Concurrent Reset 0.706ms
[2019-03-24T19:59:29.096+0800][5.471s] GC(6) User=0.11s Sys=0.00s Real=0.00s
[2019-03-24T19:59:29.096+0800][5.471s] GC(6) Old: 1163K->10643K(393216K)
[2019-03-24T19:59:29.138+0800][5.511s] GC(9) Pause Young (Allocation Failure)
[2019-03-24T19:59:29.138+0800][5.511s] GC(9) Using 4 workers of 4 for evacuation
[2019-03-24T19:59:29.143+0800][5.517s] GC(9) ParNew: 102277K->15244K(109248K)
[2019-03-24T19:59:29.143+0800][5.517s] GC(9) CMS: 10643K->10643K(393216K)
[2019-03-24T19:59:29.143+0800][5.517s] GC(9) Metaspace: 39056K->39056K(1085440K)
[2019-03-24T19:59:29.143+0800][5.517s] GC(9) Pause Young (Allocation Failure) 110M->25M(490M) 5.253ms
[2019-03-24T19:59:29.143+0800][5.517s] GC(9) User=0.00s Sys=0.00s Real=0.00s
[2019-03-24T19:59:29.751+0800][6.125s] GC(10) Pause Young (Allocation Failure)
[2019-03-24T19:59:29.751+0800][6.125s] GC(10) Using 4 workers of 4 for evacuation
[2019-03-24T19:59:29.757+0800][6.131s] GC(10) ParNew: 102668K->15111K(109248K)
[2019-03-24T19:59:29.757+0800][6.131s] GC(10) CMS: 10643K->10643K(393216K)
[2019-03-24T19:59:29.757+0800][6.131s] GC(10) Metaspace: 41034K->41034K(1087488K)
[2019-03-24T19:59:29.757+0800][6.131s] GC(10) Pause Young (Allocation Failure) 110M->25M(490M) 6.203ms
[2019-03-24T19:59:29.757+0800][6.131s] GC(10) User=0.08s Sys=0.00s Real=0.01s
[2019-03-24T19:59:30.314+0800][6.688s] GC(11) Pause Young (Allocation Failure)
[2019-03-24T19:59:30.314+0800][6.688s] GC(11) Using 4 workers of 4 for evacuation
[2019-03-24T19:59:30.322+0800][6.696s] GC(11) ParNew: 102535K->17617K(109248K)
[2019-03-24T19:59:30.322+0800][6.696s] GC(11) CMS: 10643K->10659K(393216K)
[2019-03-24T19:59:30.322+0800][6.696s] GC(11) Metaspace: 43590K->43590K(1089536K)
[2019-03-24T19:59:30.322+0800][6.696s] GC(11) Pause Young (Allocation Failure) 110M->27M(490M) 8.265ms
[2019-03-24T19:59:30.322+0800][6.696s] GC(11) User=0.09s Sys=0.00s Real=0.01s
[2019-03-24T20:00:27.021+0800][63.395s] GC(12) Pause Young (Allocation Failure)
[2019-03-24T20:00:27.021+0800][63.395s] GC(12) Using 4 workers of 4 for evacuation
[2019-03-24T20:00:27.043+0800][63.417s] GC(12) ParNew: 105041K->21824K(109248K)
[2019-03-24T20:00:27.043+0800][63.417s] GC(12) CMS: 10659K->18279K(393216K)
[2019-03-24T20:00:27.043+0800][63.417s] GC(12) Metaspace: 48419K->48419K(1093632K)
[2019-03-24T20:00:27.043+0800][63.417s] GC(12) Pause Young (Allocation Failure) 112M->39M(490M) 22.799ms
[2019-03-24T20:00:27.043+0800][63.417s] GC(12) User=0.06s Sys=0.00s Real=0.02s
