[2019-03-24T23:46:03.824+0800][0.014s] Using Concurrent Mark Sweep
[2019-03-24T23:46:03.824+0800][0.014s] Heap address: 0x00000000e0000000, size: 512 MB, Compressed Oops mode: 32-bit
[2019-03-24T23:46:05.114+0800][1.304s] GC(0) Pause Young (Allocation Failure)
[2019-03-24T23:46:05.114+0800][1.305s] GC(0) Using 4 workers of 4 for evacuation
[2019-03-24T23:46:05.123+0800][1.314s] GC(0) ParNew: 87424K->8393K(109248K)
[2019-03-24T23:46:05.123+0800][1.314s] GC(0) CMS: 0K->0K(393216K)
[2019-03-24T23:46:05.123+0800][1.314s] GC(0) Metaspace: 22849K->22849K(1071104K)
[2019-03-24T23:46:05.123+0800][1.314s] GC(0) Pause Young (Allocation Failure) 85M->8M(490M) 9.334ms
[2019-03-24T23:46:05.123+0800][1.314s] GC(0) User=0.00s Sys=0.00s Real=0.01s
[2019-03-24T23:46:05.124+0800][1.314s] GC(1) Pause Initial Mark
[2019-03-24T23:46:05.125+0800][1.316s] GC(1) Pause Initial Mark 9M->9M(490M) 1.464ms
[2019-03-24T23:46:05.125+0800][1.316s] GC(1) User=0.00s Sys=0.00s Real=0.00s
[2019-03-24T23:46:05.125+0800][1.316s] GC(1) Concurrent Mark
[2019-03-24T23:46:05.125+0800][1.316s] GC(1) Using 4 workers of 4 for marking
[2019-03-24T23:46:05.127+0800][1.317s] GC(1) Concurrent Mark 1.572ms
[2019-03-24T23:46:05.127+0800][1.317s] GC(1) User=0.00s Sys=0.00s Real=0.00s
[2019-03-24T23:46:05.127+0800][1.317s] GC(1) Concurrent Preclean
[2019-03-24T23:46:05.127+0800][1.318s] GC(1) Concurrent Preclean 0.694ms
[2019-03-24T23:46:05.127+0800][1.318s] GC(1) User=0.00s Sys=0.00s Real=0.00s
[2019-03-24T23:46:05.128+0800][1.318s] GC(1) Pause Remark
[2019-03-24T23:46:05.128+0800][1.318s] GC(2) Pause Young (CMS Final Remark)
[2019-03-24T23:46:05.128+0800][1.318s] GC(2) Using 4 workers of 4 for evacuation
[2019-03-24T23:46:05.134+0800][1.324s] GC(2) ParNew: 9942K->10967K(109248K)
[2019-03-24T23:46:05.134+0800][1.325s] GC(2) CMS: 0K->0K(393216K)
[2019-03-24T23:46:05.134+0800][1.325s] GC(2) Metaspace: 22851K->22851K(1071104K)
[2019-03-24T23:46:05.134+0800][1.325s] GC(2) Pause Young (CMS Final Remark) 9M->10M(490M) 6.187ms
[2019-03-24T23:46:05.134+0800][1.325s] GC(2) User=0.00s Sys=0.00s Real=0.01s
[2019-03-24T23:46:05.139+0800][1.330s] GC(1) Pause Remark 9M->10M(490M) 11.243ms
[2019-03-24T23:46:05.139+0800][1.330s] GC(1) User=0.00s Sys=0.00s Real=0.01s
[2019-03-24T23:46:05.139+0800][1.330s] GC(1) Concurrent Sweep
[2019-03-24T23:46:05.139+0800][1.330s] GC(1) Concurrent Sweep 0.283ms
[2019-03-24T23:46:05.139+0800][1.330s] GC(1) User=0.00s Sys=0.00s Real=0.00s
[2019-03-24T23:46:05.139+0800][1.330s] GC(1) Concurrent Reset
[2019-03-24T23:46:05.142+0800][1.333s] GC(1) Concurrent Reset 2.827ms
[2019-03-24T23:46:05.142+0800][1.333s] GC(1) User=0.00s Sys=0.00s Real=0.00s
[2019-03-24T23:46:05.142+0800][1.333s] GC(1) Old: 0K->0K(393216K)
[2019-03-24T23:46:06.051+0800][2.242s] GC(3) Pause Young (Allocation Failure)
[2019-03-24T23:46:06.051+0800][2.242s] GC(3) Using 4 workers of 4 for evacuation
[2019-03-24T23:46:06.060+0800][2.251s] GC(3) ParNew: 98391K->15210K(109248K)
[2019-03-24T23:46:06.060+0800][2.251s] GC(3) CMS: 0K->0K(393216K)
[2019-03-24T23:46:06.060+0800][2.251s] GC(3) Metaspace: 30952K->30952K(1077248K)
[2019-03-24T23:46:06.060+0800][2.251s] GC(3) Pause Young (Allocation Failure) 96M->14M(490M) 9.390ms
[2019-03-24T23:46:06.060+0800][2.251s] GC(3) User=0.00s Sys=0.00s Real=0.01s
[2019-03-24T23:46:06.494+0800][2.685s] GC(4) Pause Young (Allocation Failure)
[2019-03-24T23:46:06.494+0800][2.685s] GC(4) Using 4 workers of 4 for evacuation
[2019-03-24T23:46:06.506+0800][2.698s] GC(4) ParNew: 102634K->21824K(109248K)
[2019-03-24T23:46:06.507+0800][2.698s] GC(4) CMS: 0K->553K(393216K)
[2019-03-24T23:46:06.507+0800][2.698s] GC(4) Metaspace: 34766K->34766K(1081344K)
[2019-03-24T23:46:06.507+0800][2.698s] GC(4) Pause Young (Allocation Failure) 100M->21M(490M) 12.323ms
[2019-03-24T23:46:06.507+0800][2.698s] GC(4) User=0.08s Sys=0.02s Real=0.01s
[2019-03-24T23:46:06.675+0800][2.866s] GC(5) Pause Young (Allocation Failure)
[2019-03-24T23:46:06.675+0800][2.866s] GC(5) Using 4 workers of 4 for evacuation
[2019-03-24T23:46:06.685+0800][2.876s] GC(5) ParNew: 109248K->21824K(109248K)
[2019-03-24T23:46:06.685+0800][2.876s] GC(5) CMS: 553K->1340K(393216K)
[2019-03-24T23:46:06.685+0800][2.876s] GC(5) Metaspace: 36577K->36577K(1083392K)
[2019-03-24T23:46:06.685+0800][2.876s] GC(5) Pause Young (Allocation Failure) 107M->22M(490M) 10.669ms
[2019-03-24T23:46:06.685+0800][2.876s] GC(5) User=0.00s Sys=0.00s Real=0.01s
[2019-03-24T23:46:06.776+0800][2.967s] GC(6) Pause Young (Allocation Failure)
[2019-03-24T23:46:06.776+0800][2.967s] GC(6) Using 4 workers of 4 for evacuation
[2019-03-24T23:46:06.786+0800][2.977s] GC(6) ParNew: 109248K->21824K(109248K)
[2019-03-24T23:46:06.786+0800][2.977s] GC(6) CMS: 1340K->2779K(393216K)
[2019-03-24T23:46:06.786+0800][2.977s] GC(6) Metaspace: 37549K->37549K(1083392K)
[2019-03-24T23:46:06.786+0800][2.977s] GC(6) Pause Young (Allocation Failure) 107M->24M(490M) 9.419ms
[2019-03-24T23:46:06.786+0800][2.977s] GC(6) User=0.06s Sys=0.00s Real=0.01s
[2019-03-24T23:46:06.834+0800][3.025s] GC(7) Pause Young (Allocation Failure)
[2019-03-24T23:46:06.834+0800][3.025s] GC(7) Using 4 workers of 4 for evacuation
[2019-03-24T23:46:06.843+0800][3.034s] GC(7) ParNew: 109248K->21824K(109248K)
[2019-03-24T23:46:06.843+0800][3.034s] GC(7) CMS: 2779K->4869K(393216K)
[2019-03-24T23:46:06.843+0800][3.034s] GC(7) Metaspace: 37711K->37711K(1083392K)
[2019-03-24T23:46:06.843+0800][3.034s] GC(7) Pause Young (Allocation Failure) 109M->26M(490M) 9.164ms
[2019-03-24T23:46:06.843+0800][3.034s] GC(7) User=0.00s Sys=0.00s Real=0.01s
[2019-03-24T23:46:06.971+0800][3.162s] GC(8) Pause Young (Allocation Failure)
[2019-03-24T23:46:06.971+0800][3.162s] GC(8) Using 4 workers of 4 for evacuation
[2019-03-24T23:46:06.980+0800][3.171s] GC(8) ParNew: 109248K->21824K(109248K)
[2019-03-24T23:46:06.980+0800][3.171s] GC(8) CMS: 4869K->5703K(393216K)
[2019-03-24T23:46:06.980+0800][3.171s] GC(8) Metaspace: 39226K->39226K(1085440K)
[2019-03-24T23:46:06.980+0800][3.171s] GC(8) Pause Young (Allocation Failure) 111M->26M(490M) 8.855ms
[2019-03-24T23:46:06.980+0800][3.171s] GC(8) User=0.00s Sys=0.00s Real=0.01s
[2019-03-24T23:46:06.980+0800][3.171s] GC(9) Pause Initial Mark
[2019-03-24T23:46:06.982+0800][3.173s] GC(9) Pause Initial Mark 28M->28M(490M) 2.059ms
[2019-03-24T23:46:06.982+0800][3.173s] GC(9) User=0.00s Sys=0.00s Real=0.00s
[2019-03-24T23:46:06.982+0800][3.173s] GC(9) Concurrent Mark
[2019-03-24T23:46:06.982+0800][3.173s] GC(9) Using 4 workers of 4 for marking
[2019-03-24T23:46:06.986+0800][3.178s] GC(9) Concurrent Mark 4.440ms
[2019-03-24T23:46:06.986+0800][3.178s] GC(9) User=0.00s Sys=0.00s Real=0.00s
[2019-03-24T23:46:06.987+0800][3.178s] GC(9) Concurrent Preclean
[2019-03-24T23:46:06.987+0800][3.178s] GC(9) Concurrent Preclean 0.641ms
[2019-03-24T23:46:06.987+0800][3.178s] GC(9) User=0.00s Sys=0.00s Real=0.00s
[2019-03-24T23:46:06.987+0800][3.178s] GC(9) Concurrent Abortable Preclean
[2019-03-24T23:46:07.147+0800][3.338s] GC(9) Concurrent Abortable Preclean 159.983ms
[2019-03-24T23:46:07.147+0800][3.338s] GC(9) User=0.92s Sys=0.11s Real=0.16s
[2019-03-24T23:46:07.147+0800][3.339s] GC(9) Pause Remark
[2019-03-24T23:46:07.147+0800][3.339s] GC(10) Pause Young (CMS Final Remark)
[2019-03-24T23:46:07.147+0800][3.339s] GC(10) Using 4 workers of 4 for evacuation
[2019-03-24T23:46:07.160+0800][3.351s] GC(10) ParNew: 67544K->19155K(109248K)
[2019-03-24T23:46:07.160+0800][3.351s] GC(10) CMS: 5703K->10988K(393216K)
[2019-03-24T23:46:07.160+0800][3.351s] GC(10) Metaspace: 41575K->41575K(1087488K)
[2019-03-24T23:46:07.160+0800][3.351s] GC(10) Pause Young (CMS Final Remark) 71M->29M(490M) 12.714ms
[2019-03-24T23:46:07.160+0800][3.351s] GC(10) User=0.06s Sys=0.00s Real=0.01s
[2019-03-24T23:46:07.178+0800][3.370s] GC(9) Pause Remark 71M->29M(490M) 30.949ms
[2019-03-24T23:46:07.178+0800][3.370s] GC(9) User=0.08s Sys=0.00s Real=0.03s
[2019-03-24T23:46:07.178+0800][3.370s] GC(9) Concurrent Sweep
[2019-03-24T23:46:07.183+0800][3.374s] GC(9) Concurrent Sweep 4.802ms
[2019-03-24T23:46:07.183+0800][3.375s] GC(9) User=0.00s Sys=0.00s Real=0.01s
[2019-03-24T23:46:07.183+0800][3.375s] GC(9) Concurrent Reset
[2019-03-24T23:46:07.184+0800][3.375s] GC(9) Concurrent Reset 0.588ms
[2019-03-24T23:46:07.184+0800][3.375s] GC(9) User=0.00s Sys=0.00s Real=0.00s
[2019-03-24T23:46:07.184+0800][3.375s] GC(9) Old: 5703K->10974K(393216K)
[2019-03-24T23:46:07.420+0800][3.611s] GC(11) Pause Young (Allocation Failure)
[2019-03-24T23:46:07.420+0800][3.611s] GC(11) Using 4 workers of 4 for evacuation
[2019-03-24T23:46:07.427+0800][3.618s] GC(11) ParNew: 106579K->16111K(109248K)
[2019-03-24T23:46:07.427+0800][3.618s] GC(11) CMS: 10974K->11020K(393216K)
[2019-03-24T23:46:07.427+0800][3.618s] GC(11) Metaspace: 43470K->43470K(1089536K)
[2019-03-24T23:46:07.427+0800][3.618s] GC(11) Pause Young (Allocation Failure) 114M->26M(490M) 7.239ms
[2019-03-24T23:46:07.427+0800][3.618s] GC(11) User=0.11s Sys=0.00s Real=0.01s
[2019-03-24T23:57:32.803+0800][688.994s] GC(12) Pause Young (Allocation Failure)
[2019-03-24T23:57:32.803+0800][688.994s] GC(12) Using 4 workers of 4 for evacuation
[2019-03-24T23:57:32.833+0800][689.024s] GC(12) ParNew: 103535K->21824K(109248K)
[2019-03-24T23:57:32.833+0800][689.024s] GC(12) CMS: 11020K->18635K(393216K)
[2019-03-24T23:57:32.833+0800][689.024s] GC(12) Metaspace: 48265K->48265K(1093632K)
[2019-03-24T23:57:32.833+0800][689.024s] GC(12) Pause Young (Allocation Failure) 111M->39M(490M) 30.043ms
[2019-03-24T23:57:32.833+0800][689.024s] GC(12) User=0.11s Sys=0.00s Real=0.03s
