[2019-03-21T18:53:59.708+0800][0.022s] Using Concurrent Mark Sweep
[2019-03-21T18:53:59.708+0800][0.022s] Heap address: 0x00000000e0000000, size: 512 MB, Compressed Oops mode: 32-bit
[2019-03-21T18:54:01.780+0800][2.094s] GC(0) Pause Initial Mark
[2019-03-21T18:54:01.802+0800][2.116s] GC(0) Pause Initial Mark 70M->70M(490M) 22.092ms
[2019-03-21T18:54:01.802+0800][2.116s] GC(0) User=0.03s Sys=0.00s Real=0.02s
[2019-03-21T18:54:01.802+0800][2.116s] GC(0) Concurrent Mark
[2019-03-21T18:54:01.802+0800][2.116s] GC(0) Using 4 workers of 4 for marking
[2019-03-21T18:54:01.804+0800][2.117s] GC(0) Concurrent Mark 1.459ms
[2019-03-21T18:54:01.804+0800][2.117s] GC(0) User=0.00s Sys=0.00s Real=0.00s
[2019-03-21T18:54:01.804+0800][2.117s] GC(0) Concurrent Preclean
[2019-03-21T18:54:01.805+0800][2.119s] GC(0) Concurrent Preclean 1.245ms
[2019-03-21T18:54:01.805+0800][2.119s] GC(0) User=0.00s Sys=0.00s Real=0.00s
[2019-03-21T18:54:01.805+0800][2.119s] GC(0) Concurrent Abortable Preclean
[2019-03-21T18:54:02.085+0800][2.399s] GC(1) Pause Young (Allocation Failure)
[2019-03-21T18:54:02.085+0800][2.399s] GC(1) Using 4 workers of 4 for evacuation
[2019-03-21T18:54:02.091+0800][2.405s] GC(0) Concurrent Abortable Preclean 285.704ms
[2019-03-21T18:54:02.091+0800][2.405s] GC(0) User=0.42s Sys=0.14s Real=0.29s
[2019-03-21T18:54:02.097+0800][2.411s] GC(1) ParNew: 87424K->9968K(109248K)
[2019-03-21T18:54:02.097+0800][2.411s] GC(1) CMS: 0K->0K(393216K)
[2019-03-21T18:54:02.097+0800][2.411s] GC(1) Metaspace: 22791K->22791K(1071104K)
[2019-03-21T18:54:02.097+0800][2.411s] GC(1) Pause Young (Allocation Failure) 85M->9M(490M) 12.248ms
[2019-03-21T18:54:02.097+0800][2.411s] GC(1) User=0.08s Sys=0.00s Real=0.01s
[2019-03-21T18:54:02.097+0800][2.411s] GC(0) Pause Remark
[2019-03-21T18:54:02.097+0800][2.411s] GC(2) Pause Young (CMS Final Remark)
[2019-03-21T18:54:02.097+0800][2.411s] GC(2) Using 4 workers of 4 for evacuation
[2019-03-21T18:54:02.107+0800][2.421s] GC(2) ParNew: 10096K->12883K(109248K)
[2019-03-21T18:54:02.107+0800][2.421s] GC(2) CMS: 0K->0K(393216K)
[2019-03-21T18:54:02.107+0800][2.421s] GC(2) Metaspace: 22791K->22791K(1071104K)
[2019-03-21T18:54:02.108+0800][2.421s] GC(2) Pause Young (CMS Final Remark) 9M->12M(490M) 10.073ms
[2019-03-21T18:54:02.108+0800][2.421s] GC(2) User=0.00s Sys=0.00s Real=0.01s
[2019-03-21T18:54:02.118+0800][2.432s] GC(0) Pause Remark 9M->12M(490M) 20.608ms
[2019-03-21T18:54:02.118+0800][2.432s] GC(0) User=0.03s Sys=0.00s Real=0.02s
[2019-03-21T18:54:02.118+0800][2.432s] GC(0) Concurrent Sweep
[2019-03-21T18:54:02.118+0800][2.432s] GC(0) Concurrent Sweep 0.112ms
[2019-03-21T18:54:02.118+0800][2.432s] GC(0) User=0.00s Sys=0.00s Real=0.00s
[2019-03-21T18:54:02.118+0800][2.432s] GC(0) Concurrent Reset
[2019-03-21T18:54:02.123+0800][2.437s] GC(0) Concurrent Reset 4.788ms
[2019-03-21T18:54:02.123+0800][2.437s] GC(0) User=0.00s Sys=0.00s Real=0.00s
[2019-03-21T18:54:02.123+0800][2.437s] GC(0) Old: 0K->0K(393216K)
[2019-03-21T18:54:03.814+0800][4.129s] GC(3) Pause Young (Allocation Failure)
[2019-03-21T18:54:03.814+0800][4.129s] GC(3) Using 4 workers of 4 for evacuation
[2019-03-21T18:54:03.827+0800][4.141s] GC(3) ParNew: 100307K->15764K(109248K)
[2019-03-21T18:54:03.827+0800][4.142s] GC(3) CMS: 0K->0K(393216K)
[2019-03-21T18:54:03.827+0800][4.142s] GC(3) Metaspace: 31689K->31689K(1079296K)
[2019-03-21T18:54:03.827+0800][4.142s] GC(3) Pause Young (Allocation Failure) 97M->15M(490M) 13.083ms
[2019-03-21T18:54:03.827+0800][4.142s] GC(3) User=0.00s Sys=0.00s Real=0.01s
[2019-03-21T18:54:04.583+0800][4.898s] GC(4) Pause Young (Allocation Failure)
[2019-03-21T18:54:04.583+0800][4.898s] GC(4) Using 4 workers of 4 for evacuation
[2019-03-21T18:54:04.601+0800][4.915s] GC(4) ParNew: 103188K->21824K(109248K)
[2019-03-21T18:54:04.601+0800][4.915s] GC(4) CMS: 0K->699K(393216K)
[2019-03-21T18:54:04.601+0800][4.915s] GC(4) Metaspace: 35622K->35622K(1081344K)
[2019-03-21T18:54:04.601+0800][4.915s] GC(4) Pause Young (Allocation Failure) 100M->21M(490M) 17.645ms
[2019-03-21T18:54:04.601+0800][4.915s] GC(4) User=0.05s Sys=0.02s Real=0.02s
[2019-03-21T18:54:04.869+0800][5.184s] GC(5) Pause Young (Allocation Failure)
[2019-03-21T18:54:04.870+0800][5.184s] GC(5) Using 4 workers of 4 for evacuation
[2019-03-21T18:54:04.883+0800][5.198s] GC(5) ParNew: 109248K->21824K(109248K)
[2019-03-21T18:54:04.883+0800][5.198s] GC(5) CMS: 699K->864K(393216K)
[2019-03-21T18:54:04.883+0800][5.198s] GC(5) Metaspace: 37556K->37556K(1083392K)
[2019-03-21T18:54:04.883+0800][5.198s] GC(5) Pause Young (Allocation Failure) 107M->22M(490M) 13.675ms
[2019-03-21T18:54:04.883+0800][5.198s] GC(5) User=0.06s Sys=0.00s Real=0.01s
[2019-03-21T18:54:05.442+0800][5.755s] GC(6) Pause Young (Allocation Failure)
[2019-03-21T18:54:05.442+0800][5.755s] GC(6) Using 4 workers of 4 for evacuation
[2019-03-21T18:54:05.458+0800][5.771s] GC(6) ParNew: 109248K->21824K(109248K)
[2019-03-21T18:54:05.458+0800][5.771s] GC(6) CMS: 864K->2718K(393216K)
[2019-03-21T18:54:05.458+0800][5.771s] GC(6) Metaspace: 40444K->40444K(1085440K)
[2019-03-21T18:54:05.458+0800][5.771s] GC(6) Pause Young (Allocation Failure) 107M->23M(490M) 16.011ms
[2019-03-21T18:54:05.458+0800][5.771s] GC(6) User=0.06s Sys=0.00s Real=0.02s
[2019-03-21T18:54:05.458+0800][5.772s] GC(7) Pause Initial Mark
[2019-03-21T18:54:05.461+0800][5.774s] GC(7) Pause Initial Mark 25M->25M(490M) 2.675ms
[2019-03-21T18:54:05.461+0800][5.774s] GC(7) User=0.00s Sys=0.00s Real=0.00s
[2019-03-21T18:54:05.461+0800][5.774s] GC(7) Concurrent Mark
[2019-03-21T18:54:05.461+0800][5.774s] GC(7) Using 4 workers of 4 for marking
[2019-03-21T18:54:05.463+0800][5.777s] GC(7) Concurrent Mark 2.581ms
[2019-03-21T18:54:05.463+0800][5.777s] GC(7) User=0.00s Sys=0.00s Real=0.00s
[2019-03-21T18:54:05.463+0800][5.777s] GC(7) Concurrent Preclean
[2019-03-21T18:54:05.464+0800][5.778s] GC(7) Concurrent Preclean 0.588ms
[2019-03-21T18:54:05.464+0800][5.778s] GC(7) User=0.00s Sys=0.00s Real=0.00s
[2019-03-21T18:54:05.464+0800][5.778s] GC(7) Pause Remark
[2019-03-21T18:54:05.464+0800][5.778s] GC(8) Pause Young (CMS Final Remark)
[2019-03-21T18:54:05.464+0800][5.778s] GC(8) Using 4 workers of 4 for evacuation
[2019-03-21T18:54:05.475+0800][5.789s] GC(8) ParNew: 23133K->21824K(109248K)
[2019-03-21T18:54:05.475+0800][5.789s] GC(8) CMS: 2718K->3328K(393216K)
[2019-03-21T18:54:05.475+0800][5.789s] GC(8) Metaspace: 40459K->40459K(1085440K)
[2019-03-21T18:54:05.475+0800][5.789s] GC(8) Pause Young (CMS Final Remark) 25M->24M(490M) 10.927ms
[2019-03-21T18:54:05.475+0800][5.789s] GC(8) User=0.06s Sys=0.00s Real=0.01s
[2019-03-21T18:54:05.497+0800][5.811s] GC(7) Pause Remark 25M->24M(490M) 33.160ms
[2019-03-21T18:54:05.497+0800][5.811s] GC(7) User=0.08s Sys=0.00s Real=0.03s
[2019-03-21T18:54:05.497+0800][5.811s] GC(7) Concurrent Sweep
[2019-03-21T18:54:05.499+0800][5.813s] GC(7) Concurrent Sweep 1.557ms
[2019-03-21T18:54:05.499+0800][5.813s] GC(7) User=0.00s Sys=0.00s Real=0.00s
[2019-03-21T18:54:05.499+0800][5.813s] GC(7) Concurrent Reset
[2019-03-21T18:54:05.500+0800][5.814s] GC(7) Concurrent Reset 1.215ms
[2019-03-21T18:54:05.500+0800][5.814s] GC(7) User=0.00s Sys=0.00s Real=0.00s
[2019-03-21T18:54:05.500+0800][5.814s] GC(7) Old: 2718K->3323K(393216K)
[2019-03-21T18:54:06.208+0800][6.522s] GC(9) Pause Young (Allocation Failure)
[2019-03-21T18:54:06.208+0800][6.522s] GC(9) Using 4 workers of 4 for evacuation
[2019-03-21T18:54:06.236+0800][6.550s] GC(9) ParNew: 109248K->21824K(109248K)
[2019-03-21T18:54:06.236+0800][6.550s] GC(9) CMS: 3323K->8550K(393216K)
[2019-03-21T18:54:06.236+0800][6.550s] GC(9) Metaspace: 45156K->45156K(1089536K)
[2019-03-21T18:54:06.236+0800][6.550s] GC(9) Pause Young (Allocation Failure) 109M->29M(490M) 27.996ms
[2019-03-21T18:54:06.236+0800][6.550s] GC(9) User=0.14s Sys=0.00s Real=0.03s
